ARM Linker, 5.03 [Build 76] [MDK-ARM Professional]

==============================================================================

Section Cross References

    stm32f10x.o(RESET) refers to stm32f10x.o(STACK) for __initial_sp
    stm32f10x.o(RESET) refers to stm32f10x.o(.text) for Reset_Handler
    stm32f10x.o(RESET) refers to stm32f10x_it.o(.text) for NMI_Handler
    stm32f10x.o(.text) refers to entry.o(.ARM.Collect$$$$00000000) for __main
    main.o(.text) refers to stm32f10x_rcc.o(i.RCC_DeInit) for RCC_DeInit
    main.o(.text) refers to stm32f10x_flash.o(i.FLASH_PrefetchBufferCmd) for FLASH_PrefetchBufferCmd
    main.o(.text) refers to stm32f10x_flash.o(i.FLASH_SetLatency) for FLASH_SetLatency
    main.o(.text) refers to stm32f10x_rcc.o(i.RCC_HCLKConfig) for RCC_HCLKConfig
    main.o(.text) refers to stm32f10x_rcc.o(i.RCC_PCLK2Config) for RCC_PCLK2Config
    main.o(.text) refers to stm32f10x_rcc.o(i.RCC_PCLK1Config) for RCC_PCLK1Config
    main.o(.text) refers to stm32f10x_rcc.o(i.RCC_PLLConfig) for RCC_PLLConfig
    main.o(.text) refers to stm32f10x_rcc.o(i.RCC_PLLCmd) for RCC_PLLCmd
    main.o(.text) refers to stm32f10x_rcc.o(i.RCC_GetFlagStatus) for RCC_GetFlagStatus
    main.o(.text) refers to stm32f10x_rcc.o(i.RCC_SYSCLKConfig) for RCC_SYSCLKConfig
    main.o(.text) refers to stm32f10x_rcc.o(i.RCC_GetSYSCLKSource) for RCC_GetSYSCLKSource
    main.o(.text) refers to stm32f10x_nvic.o(i.NVIC_PriorityGroupConfig) for NVIC_PriorityGroupConfig
    main.o(.text) refers to stm32f10x_nvic.o(i.NVIC_Init) for NVIC_Init
    main.o(.text) refers to stm32f10x_tim.o(i.TIM_TimeBaseInit) for TIM_TimeBaseInit
    main.o(.text) refers to stm32f10x_tim.o(i.TIM_ClearFlag) for TIM_ClearFlag
    main.o(.text) refers to stm32f10x_tim.o(i.TIM_ITConfig) for TIM_ITConfig
    main.o(.text) refers to stm32f10x_tim.o(i.TIM_Cmd) for TIM_Cmd
    main.o(.text) refers to stm32f10x_rcc.o(i.RCC_APB2PeriphClockCmd) for RCC_APB2PeriphClockCmd
    main.o(.text) refers to stm32f10x_gpio.o(i.GPIO_Init) for GPIO_Init
    main.o(.text) refers to stm32f10x_gpio.o(i.GPIO_SetBits) for GPIO_SetBits
    main.o(.text) refers to stm32f10x_gpio.o(i.GPIO_ResetBits) for GPIO_ResetBits
    main.o(.text) refers to stm32f10x_usart.o(i.USART_Init) for USART_Init
    main.o(.text) refers to stm32f10x_usart.o(i.USART_ITConfig) for USART_ITConfig
    main.o(.text) refers to stm32f10x_usart.o(i.USART_Cmd) for USART_Cmd
    main.o(.text) refers to stm32f10x_usart.o(i.USART_GetFlagStatus) for USART_GetFlagStatus
    main.o(.text) refers to stm32f10x_rcc.o(i.RCC_APB1PeriphClockCmd) for RCC_APB1PeriphClockCmd
    main.o(.text) refers to stm32f10x_tim.o(i.TIM_OC3Init) for TIM_OC3Init
    main.o(.text) refers to stm32f10x_tim.o(i.TIM_OC3PreloadConfig) for TIM_OC3PreloadConfig
    main.o(.text) refers to stm32f10x_tim.o(i.TIM_ARRPreloadConfig) for TIM_ARRPreloadConfig
    main.o(.text) refers to stm32f10x_gpio.o(i.GPIO_PinRemapConfig) for GPIO_PinRemapConfig
    main.o(.text) refers to stm32f10x_rcc.o(i.RCC_AHBPeriphClockCmd) for RCC_AHBPeriphClockCmd
    main.o(.text) refers to stm32f10x_dma.o(i.DMA_DeInit) for DMA_DeInit
    main.o(.text) refers to stm32f10x_dma.o(i.DMA_Init) for DMA_Init
    main.o(.text) refers to stm32f10x_dma.o(i.DMA_Cmd) for DMA_Cmd
    main.o(.text) refers to stm32f10x_adc.o(i.ADC_Init) for ADC_Init
    main.o(.text) refers to stm32f10x_rcc.o(i.RCC_ADCCLKConfig) for RCC_ADCCLKConfig
    main.o(.text) refers to stm32f10x_adc.o(i.ADC_RegularChannelConfig) for ADC_RegularChannelConfig
    main.o(.text) refers to stm32f10x_adc.o(i.ADC_DMACmd) for ADC_DMACmd
    main.o(.text) refers to stm32f10x_adc.o(i.ADC_Cmd) for ADC_Cmd
    main.o(.text) refers to stm32f10x_adc.o(i.ADC_ResetCalibration) for ADC_ResetCalibration
    main.o(.text) refers to stm32f10x_adc.o(i.ADC_GetResetCalibrationStatus) for ADC_GetResetCalibrationStatus
    main.o(.text) refers to stm32f10x_adc.o(i.ADC_StartCalibration) for ADC_StartCalibration
    main.o(.text) refers to stm32f10x_adc.o(i.ADC_GetCalibrationStatus) for ADC_GetCalibrationStatus
    main.o(.text) refers to stm32f10x_adc.o(i.ADC_SoftwareStartConvCmd) for ADC_SoftwareStartConvCmd
    main.o(.text) refers to main.o(.data) for ADC_ConvertedValue
    main.o(.text) refers to dfltui.o(.text) for __aeabi_ui2d
    main.o(.text) refers to dmul.o(.text) for __aeabi_dmul
    main.o(.text) refers to ddiv.o(.text) for __aeabi_ddiv
    main.o(.text) refers to d2f.o(.text) for __aeabi_d2f
    main.o(.text) refers to f2d.o(.text) for __aeabi_f2d
    main.o(.text) refers to dadd.o(.text) for __aeabi_drsub
    main.o(.text) refers to ffltui.o(.text) for __aeabi_ui2f
    main.o(.text) refers to fadd.o(.text) for __aeabi_fsub
    main.o(.text) refers to ffixi.o(.text) for __aeabi_f2iz
    main.o(.text) refers to cfrcmple.o(.text) for __aeabi_cfrcmple
    main.o(.text) refers to fmul.o(.text) for __aeabi_fmul
    main.o(.text) refers to ffixui.o(.text) for __aeabi_f2uiz
[...]


==============================================================================

Removing Unused input sections from the image.

    Removing stm32f10x.o(HEAP), (512 bytes).
    Removing stm32f10x_adc.o(i.ADC_DeInit), (60 bytes).
    Removing stm32f10x_adc.o(i.ADC_StructInit), (18 bytes).
    Removing stm32f10x_adc.o(i.ADC_ITConfig), (18 bytes).
    Removing stm32f10x_adc.o(i.ADC_GetSoftwareStartConvStatus), (14 bytes).
    Removing stm32f10x_adc.o(i.ADC_DiscModeChannelCountConfig), (16 bytes).
    Removing stm32f10x_adc.o(i.ADC_DiscModeCmd), (20 bytes).
    Removing stm32f10x_adc.o(i.ADC_ExternalTrigConvCmd), (20 bytes).
    Removing stm32f10x_adc.o(i.ADC_GetConversionValue), (6 bytes).
    Removing stm32f10x_adc.o(i.ADC_GetDualModeConversionValue), (12 bytes).
    Removing stm32f10x_adc.o(i.ADC_AutoInjectedConvCmd), (20 bytes).
    Removing stm32f10x_adc.o(i.ADC_InjectedDiscModeCmd), (20 bytes).
    Removing stm32f10x_adc.o(i.ADC_ExternalTrigInjectedConvConfig), (12 bytes).
    Removing stm32f10x_adc.o(i.ADC_ExternalTrigInjectedConvCmd), (20 bytes).
    Removing stm32f10x_adc.o(i.ADC_SoftwareStartInjectedConvCmd), (20 bytes).
    Removing stm32f10x_adc.o(i.ADC_GetSoftwareStartInjectedConvCmdStatus), (14 bytes).
    Removing stm32f10x_adc.o(i.ADC_InjectedChannelConfig), (74 bytes).
    Removing stm32f10x_adc.o(i.ADC_InjectedSequencerLengthConfig), (16 bytes).
    Removing stm32f10x_adc.o(i.ADC_SetInjectedOffset), (4 bytes).
    Removing stm32f10x_adc.o(i.ADC_GetInjectedConversionValue), (8 bytes).
    Removing stm32f10x_adc.o(i.ADC_AnalogWatchdogCmd), (16 bytes).
    Removing stm32f10x_adc.o(i.ADC_AnalogWatchdogThresholdsConfig), (6 bytes).
    Removing stm32f10x_adc.o(i.ADC_AnalogWatchdogSingleChannelConfig), (12 bytes).
    Removing stm32f10x_adc.o(i.ADC_TempSensorVrefintCmd), (32 bytes).
    Removing stm32f10x_adc.o(i.ADC_GetFlagStatus), (14 bytes).
    Removing stm32f10x_adc.o(i.ADC_ClearFlag), (6 bytes).
    Removing stm32f10x_adc.o(i.ADC_GetITStatus), (28 bytes).
    Removing stm32f10x_adc.o(i.ADC_ClearITPendingBit), (8 bytes).
    Removing stm32f10x_dma.o(i.DMA_StructInit), (26 bytes).
    Removing stm32f10x_dma.o(i.DMA_ITConfig), (16 bytes).
    Removing stm32f10x_dma.o(i.DMA_GetCurrDataCounter), (6 bytes).
    Removing stm32f10x_dma.o(i.DMA_GetFlagStatus), (32 bytes).
    Removing stm32f10x_dma.o(i.DMA_ClearFlag), (20 bytes).
    Removing stm32f10x_dma.o(i.DMA_GetITStatus), (32 bytes).
    Removing stm32f10x_dma.o(i.DMA_ClearITPendingBit), (20 bytes).
    Removing stm32f10x_exti.o(i.EXTI_DeInit), (28 bytes).
    Removing stm32f10x_exti.o(i.EXTI_Init), (140 bytes).
    Removing stm32f10x_exti.o(i.EXTI_StructInit), (14 bytes).
    Removing stm32f10x_exti.o(i.EXTI_GenerateSWInterrupt), (16 bytes).
    Removing stm32f10x_exti.o(i.EXTI_GetFlagStatus), (20 bytes).
    Removing stm32f10x_exti.o(i.EXTI_ClearFlag), (12 bytes).
    Removing stm32f10x_flash.o(i.FLASH_HalfCycleAccessCmd), (24 bytes).
    Removing stm32f10x_flash.o(i.FLASH_Unlock), (24 bytes).
    Removing stm32f10x_flash.o(i.FLASH_Lock), (16 bytes).
    Removing stm32f10x_flash.o(i.FLASH_GetStatus), (40 bytes).
    Removing stm32f10x_flash.o(i.FLASH_WaitForLastOperation), (40 bytes).
    Removing stm32f10x_flash.o(i.FLASH_ErasePage), (64 bytes).
    Removing stm32f10x_flash.o(i.FLASH_EraseAllPages), (60 bytes).
    Removing stm32f10x_flash.o(i.FLASH_EraseOptionBytes), (116 bytes).
    Removing stm32f10x_flash.o(i.FLASH_ProgramWord), (68 bytes).
    Removing stm32f10x_flash.o(i.FLASH_ProgramHalfWord), (56 bytes).
    Removing stm32f10x_flash.o(i.FLASH_ProgramOptionByteData), (72 bytes).
    Removing stm32f10x_flash.o(i.FLASH_EnableWriteProtection), (168 bytes).
    Removing stm32f10x_flash.o(i.FLASH_ReadOutProtection), (136 bytes).
    Removing stm32f10x_flash.o(i.FLASH_UserOptionByteConfig), (88 bytes).
    Removing stm32f10x_flash.o(i.FLASH_GetUserOptionByte), (12 bytes).
    Removing stm32f10x_flash.o(i.FLASH_GetWriteProtectionOptionByte), (12 bytes).
    Removing stm32f10x_flash.o(i.FLASH_GetReadOutProtectionStatus), (20 bytes).
    Removing stm32f10x_flash.o(i.FLASH_GetPrefetchBufferStatus), (20 bytes).
    Removing stm32f10x_flash.o(i.FLASH_ITConfig), (24 bytes).
    Removing stm32f10x_flash.o(i.FLASH_GetFlagStatus), (32 bytes).
    Removing stm32f10x_flash.o(i.FLASH_ClearFlag), (12 bytes).
    Removing stm32f10x_gpio.o(i.GPIO_DeInit), (160 bytes).
    Removing stm32f10x_gpio.o(i.GPIO_AFIODeInit), (22 bytes).
    Removing stm32f10x_gpio.o(i.GPIO_StructInit), (16 bytes).
    Removing stm32f10x_gpio.o(i.GPIO_ReadInputData), (6 bytes).
    Removing stm32f10x_gpio.o(i.GPIO_ReadOutputDataBit), (14 bytes).
    Removing stm32f10x_gpio.o(i.GPIO_ReadOutputData), (6 bytes).
    Removing stm32f10x_gpio.o(i.GPIO_WriteBit), (10 bytes).
    Removing stm32f10x_gpio.o(i.GPIO_Write), (4 bytes).
    Removing stm32f10x_gpio.o(i.GPIO_PinLockConfig), (16 bytes).
    Removing stm32f10x_gpio.o(i.GPIO_EventOutputConfig), (28 bytes).
    Removing stm32f10x_gpio.o(i.GPIO_EventOutputCmd), (12 bytes).
    Removing stm32f10x_gpio.o(i.GPIO_EXTILineConfig), (40 bytes).
    Removing stm32f10x_iwdg.o(i.IWDG_WriteAccessCmd), (12 bytes).
    Removing stm32f10x_iwdg.o(i.IWDG_SetPrescaler), (12 bytes).
    Removing stm32f10x_iwdg.o(i.IWDG_SetReload), (12 bytes).
    Removing stm32f10x_iwdg.o(i.IWDG_Enable), (16 bytes).
    Removing stm32f10x_iwdg.o(i.IWDG_GetFlagStatus), (20 bytes).
    Removing stm32f10x_nvic.o(i.NVIC_DeInit), (44 bytes).
    Removing stm32f10x_nvic.o(i.NVIC_SCBDeInit), (68 bytes).
    Removing stm32f10x_nvic.o(i.NVIC_StructInit), (12 bytes).
    Removing stm32f10x_nvic.o(i.NVIC_SETPRIMASK), (4 bytes).
    Removing stm32f10x_nvic.o(i.NVIC_RESETPRIMASK), (4 bytes).
    Removing stm32f10x_nvic.o(i.NVIC_SETFAULTMASK), (4 bytes).
    Removing stm32f10x_nvic.o(i.NVIC_RESETFAULTMASK), (4 bytes).
    Removing stm32f10x_nvic.o(i.NVIC_BASEPRICONFIG), (6 bytes).
    Removing stm32f10x_nvic.o(i.NVIC_GetBASEPRI), (4 bytes).
    Removing stm32f10x_nvic.o(i.NVIC_GetCurrentPendingIRQChannel), (16 bytes).
    Removing stm32f10x_nvic.o(i.NVIC_GetIRQChannelPendingBitStatus), (34 bytes).
    Removing stm32f10x_nvic.o(i.NVIC_SetIRQChannelPendingBit), (12 bytes).
    Removing stm32f10x_nvic.o(i.NVIC_ClearIRQChannelPendingBit), (24 bytes).
    Removing stm32f10x_nvic.o(i.NVIC_GetCurrentActiveHandler), (16 bytes).
    Removing stm32f10x_nvic.o(i.NVIC_GetIRQChannelActiveBitStatus), (34 bytes).
    Removing stm32f10x_nvic.o(i.NVIC_GetCPUID), (12 bytes).
    Removing stm32f10x_nvic.o(i.NVIC_SetVectorTable), (20 bytes).
    Removing stm32f10x_nvic.o(i.NVIC_GenerateSystemReset), (16 bytes).
    Removing stm32f10x_nvic.o(i.NVIC_GenerateCoreReset), (16 bytes).
    Removing stm32f10x_nvic.o(i.NVIC_SystemLPConfig), (24 bytes).
    Removing stm32f10x_nvic.o(i.NVIC_SystemHandlerConfig), (32 bytes).
    Removing stm32f10x_nvic.o(i.NVIC_SystemHandlerPriorityConfig), (76 bytes).
    Removing stm32f10x_nvic.o(i.NVIC_GetSystemHandlerPendingBitStatus), (32 bytes).
    Removing stm32f10x_nvic.o(i.NVIC_SetSystemHandlerPendingBit), (24 bytes).
    Removing stm32f10x_nvic.o(i.NVIC_ClearSystemHandlerPendingBit), (24 bytes).
    Removing stm32f10x_nvic.o(i.NVIC_GetSystemHandlerActiveBitStatus), (32 bytes).
    Removing stm32f10x_nvic.o(i.NVIC_GetFaultHandlerSources), (54 bytes).
    Removing stm32f10x_nvic.o(i.NVIC_GetFaultAddress), (22 bytes).
    Removing stm32f10x_rcc.o(i.RCC_HSEConfig), (52 bytes).
    Removing stm32f10x_rcc.o(i.RCC_WaitForHSEStartUp), (52 bytes).
    Removing stm32f10x_rcc.o(i.RCC_AdjustHSICalibrationValue), (20 bytes).
    Removing stm32f10x_rcc.o(i.RCC_HSICmd), (12 bytes).
    Removing stm32f10x_rcc.o(i.RCC_ITConfig), (24 bytes).
    Removing stm32f10x_rcc.o(i.RCC_USBCLKConfig), (12 bytes).
    Removing stm32f10x_rcc.o(i.RCC_LSEConfig), (32 bytes).
    Removing stm32f10x_rcc.o(i.RCC_LSICmd), (12 bytes).
    Removing stm32f10x_rcc.o(i.RCC_RTCCLKConfig), (16 bytes).
    Removing stm32f10x_rcc.o(i.RCC_RTCCLKCmd), (12 bytes).
    Removing stm32f10x_rcc.o(i.RCC_APB2PeriphResetCmd), (24 bytes).
    Removing stm32f10x_rcc.o(i.RCC_APB1PeriphResetCmd), (24 bytes).
    Removing stm32f10x_rcc.o(i.RCC_BackupResetCmd), (12 bytes).
    Removing stm32f10x_rcc.o(i.RCC_ClockSecuritySystemCmd), (12 bytes).
    Removing stm32f10x_rcc.o(i.RCC_MCOConfig), (12 bytes).
    Removing stm32f10x_rcc.o(i.RCC_ClearFlag), (16 bytes).
    Removing stm32f10x_rcc.o(i.RCC_GetITStatus), (20 bytes).
    Removing stm32f10x_rcc.o(i.RCC_ClearITPendingBit), (12 bytes).
    Removing stm32f10x_rcc.o(.data), (8 bytes).
    Removing stm32f10x_rtc.o(i.RTC_ITConfig), (28 bytes).
    Removing stm32f10x_rtc.o(i.RTC_EnterConfigMode), (16 bytes).
    Removing stm32f10x_rtc.o(i.RTC_ExitConfigMode), (16 bytes).
    Removing stm32f10x_rtc.o(i.RTC_GetCounter), (16 bytes).
    Removing stm32f10x_rtc.o(i.RTC_SetCounter), (28 bytes).
    Removing stm32f10x_rtc.o(i.RTC_SetPrescaler), (32 bytes).
    Removing stm32f10x_rtc.o(i.RTC_SetAlarm), (28 bytes).
    Removing stm32f10x_rtc.o(i.RTC_GetDivider), (20 bytes).
    Removing stm32f10x_rtc.o(i.RTC_WaitForLastTask), (20 bytes).
    Removing stm32f10x_rtc.o(i.RTC_WaitForSynchro), (32 bytes).
    Removing stm32f10x_rtc.o(i.RTC_GetFlagStatus), (20 bytes).
    Removing stm32f10x_rtc.o(i.RTC_ClearFlag), (16 bytes).
    Removing stm32f10x_tim.o(i.TIM_DeInit), (180 bytes).
    Removing stm32f10x_tim.o(i.TIM_OC1Init), (96 bytes).
    Removing stm32f10x_tim.o(i.TIM_OC2Init), (124 bytes).
    Removing stm32f10x_tim.o(i.TIM_OC4Init), (96 bytes).
    Removing stm32f10x_tim.o(i.TIM_SetIC4Prescaler), (18 bytes).
    Removing stm32f10x_tim.o(i.TIM_SetIC3Prescaler), (16 bytes).
    Removing stm32f10x_tim.o(i.TIM_SetIC2Prescaler), (18 bytes).
    Removing stm32f10x_tim.o(i.TI2_Config), (44 bytes).
    Removing stm32f10x_tim.o(i.TIM_SetIC1Prescaler), (16 bytes).
    Removing stm32f10x_tim.o(i.TIM_ICInit), (162 bytes).
    Removing stm32f10x_tim.o(i.TIM_PWMIConfig), (108 bytes).
    Removing stm32f10x_tim.o(i.TIM_BDTRConfig), (34 bytes).
    Removing stm32f10x_tim.o(i.TIM_TimeBaseStructInit), (18 bytes).
    Removing stm32f10x_tim.o(i.TIM_OCStructInit), (20 bytes).
    Removing stm32f10x_tim.o(i.TIM_ICStructInit), (16 bytes).
    Removing stm32f10x_tim.o(i.TIM_BDTRStructInit), (18 bytes).
    Removing stm32f10x_tim.o(i.TIM_CtrlPWMOutputs), (22 bytes).
    Removing stm32f10x_tim.o(i.TIM_GenerateEvent), (4 bytes).
    Removing stm32f10x_tim.o(i.TIM_DMAConfig), (8 bytes).
    Removing stm32f10x_tim.o(i.TIM_DMACmd), (16 bytes).
    Removing stm32f10x_tim.o(i.TIM_InternalClockConfig), (10 bytes).
    Removing stm32f10x_tim.o(i.TIM_SelectInputTrigger), (12 bytes).
    Removing stm32f10x_tim.o(i.TIM_ITRxExternalClockConfig), (20 bytes).
    Removing stm32f10x_tim.o(i.TIM_TIxExternalClockConfig), (46 bytes).
    Removing stm32f10x_tim.o(i.TIM_ETRConfig), (18 bytes).
    Removing stm32f10x_tim.o(i.TIM_ETRClockMode1Config), (18 bytes).
    Removing stm32f10x_tim.o(i.TIM_ETRClockMode2Config), (18 bytes).
    Removing stm32f10x_tim.o(i.TIM_PrescalerConfig), (6 bytes).
    Removing stm32f10x_tim.o(i.TIM_CounterModeConfig), (14 bytes).
    Removing stm32f10x_tim.o(i.TIM_EncoderInterfaceConfig), (44 bytes).
    Removing stm32f10x_tim.o(i.TIM_ForcedOC1Config), (12 bytes).
    Removing stm32f10x_tim.o(i.TIM_ForcedOC2Config), (14 bytes).
    Removing stm32f10x_tim.o(i.TIM_ForcedOC3Config), (12 bytes).
    Removing stm32f10x_tim.o(i.TIM_ForcedOC4Config), (14 bytes).
    Removing stm32f10x_tim.o(i.TIM_SelectCOM), (20 bytes).
    Removing stm32f10x_tim.o(i.TIM_SelectCCDMA), (20 bytes).
    Removing stm32f10x_tim.o(i.TIM_CCPreloadControl), (20 bytes).
    Removing stm32f10x_tim.o(i.TIM_OC1PreloadConfig), (12 bytes).
    Removing stm32f10x_tim.o(i.TIM_OC2PreloadConfig), (14 bytes).
    Removing stm32f10x_tim.o(i.TIM_OC4PreloadConfig), (14 bytes).
    Removing stm32f10x_tim.o(i.TIM_OC1FastConfig), (12 bytes).
    Removing stm32f10x_tim.o(i.TIM_OC2FastConfig), (14 bytes).
    Removing stm32f10x_tim.o(i.TIM_OC3FastConfig), (12 bytes).
    Removing stm32f10x_tim.o(i.TIM_OC4FastConfig), (14 bytes).
    Removing stm32f10x_tim.o(i.TIM_ClearOC1Ref), (12 bytes).
    Removing stm32f10x_tim.o(i.TIM_ClearOC2Ref), (14 bytes).
    Removing stm32f10x_tim.o(i.TIM_ClearOC3Ref), (12 bytes).
    Removing stm32f10x_tim.o(i.TIM_ClearOC4Ref), (14 bytes).
    Removing stm32f10x_tim.o(i.TIM_OC1PolarityConfig), (12 bytes).
    Removing stm32f10x_tim.o(i.TIM_OC1NPolarityConfig), (12 bytes).
    Removing stm32f10x_tim.o(i.TIM_OC2PolarityConfig), (14 bytes).
    Removing stm32f10x_tim.o(i.TIM_OC2NPolarityConfig), (14 bytes).
    Removing stm32f10x_tim.o(i.TIM_OC3PolarityConfig), (14 bytes).
    Removing stm32f10x_tim.o(i.TIM_OC3NPolarityConfig), (14 bytes).
    Removing stm32f10x_tim.o(i.TIM_OC4PolarityConfig), (14 bytes).
    Removing stm32f10x_tim.o(i.TIM_CCxCmd), (22 bytes).
    Removing stm32f10x_tim.o(i.TIM_CCxNCmd), (22 bytes).
    Removing stm32f10x_tim.o(i.TIM_SelectOCxM), (62 bytes).
    Removing stm32f10x_tim.o(i.TIM_UpdateDisableConfig), (22 bytes).
    Removing stm32f10x_tim.o(i.TIM_UpdateRequestConfig), (22 bytes).
    Removing stm32f10x_tim.o(i.TIM_SelectHallSensor), (20 bytes).
    Removing stm32f10x_tim.o(i.TIM_SelectOnePulseMode), (18 bytes).
    Removing stm32f10x_tim.o(i.TIM_SelectOutputTrigger), (16 bytes).
    Removing stm32f10x_tim.o(i.TIM_SelectSlaveMode), (16 bytes).
    Removing stm32f10x_tim.o(i.TIM_SelectMasterSlaveMode), (16 bytes).
    Removing stm32f10x_tim.o(i.TIM_SetCounter), (4 bytes).
    Removing stm32f10x_tim.o(i.TIM_SetAutoreload), (4 bytes).
    Removing stm32f10x_tim.o(i.TIM_SetCompare1), (4 bytes).
    Removing stm32f10x_tim.o(i.TIM_SetCompare4), (6 bytes).
    Removing stm32f10x_tim.o(i.TIM_SetClockDivision), (14 bytes).
    Removing stm32f10x_tim.o(i.TIM_GetCapture1), (4 bytes).
    Removing stm32f10x_tim.o(i.TIM_GetCapture2), (4 bytes).
    Removing stm32f10x_tim.o(i.TIM_GetCapture3), (4 bytes).
    Removing stm32f10x_tim.o(i.TIM_GetCapture4), (6 bytes).
    Removing stm32f10x_tim.o(i.TIM_GetCounter), (4 bytes).
    Removing stm32f10x_tim.o(i.TIM_GetPrescaler), (4 bytes).
    Removing stm32f10x_tim.o(i.TIM_GetFlagStatus), (14 bytes).
    Removing stm32f10x_tim.o(i.TIM_GetITStatus), (24 bytes).
    Removing stm32f10x_tim.o(i.TIM_ClearITPendingBit), (6 bytes).
    Removing stm32f10x_tim.o(i.TI1_Config), (40 bytes).
    Removing stm32f10x_usart.o(i.USART_DeInit), (108 bytes).
    Removing stm32f10x_usart.o(i.USART_StructInit), (22 bytes).
    Removing stm32f10x_usart.o(i.USART_ClockInit), (30 bytes).
    Removing stm32f10x_usart.o(i.USART_ClockStructInit), (12 bytes).
    Removing stm32f10x_usart.o(i.USART_DMACmd), (16 bytes).
    Removing stm32f10x_usart.o(i.USART_SetAddress), (16 bytes).
    Removing stm32f10x_usart.o(i.USART_WakeUpConfig), (16 bytes).
    Removing stm32f10x_usart.o(i.USART_ReceiverWakeUpCmd), (20 bytes).
    Removing stm32f10x_usart.o(i.USART_LINBreakDetectLengthConfig), (16 bytes).
    Removing stm32f10x_usart.o(i.USART_LINCmd), (20 bytes).
    Removing stm32f10x_usart.o(i.USART_SendBreak), (10 bytes).
    Removing stm32f10x_usart.o(i.USART_SetGuardTime), (16 bytes).
    Removing stm32f10x_usart.o(i.USART_SetPrescaler), (16 bytes).
    Removing stm32f10x_usart.o(i.USART_SmartCardCmd), (20 bytes).
    Removing stm32f10x_usart.o(i.USART_SmartCardNACKCmd), (20 bytes).
    Removing stm32f10x_usart.o(i.USART_HalfDuplexCmd), (20 bytes).
    Removing stm32f10x_usart.o(i.USART_IrDAConfig), (16 bytes).
    Removing stm32f10x_usart.o(i.USART_IrDACmd), (20 bytes).
    Removing stm32f10x_usart.o(i.USART_ClearFlag), (6 bytes).
    Removing cortexm3_macro.o(.text), (122 bytes).

238 unused section(s) (total 6754 bytes) removed from the image.

==============================================================================

Image Symbol Table

    Local Symbols

    Symbol Name                              Value     Ov Type        Size  Object(Section)

    ../clib/microlib/ctype/ctype.c           0x00000000   Number         0  isprint_o.o ABSOLUTE
    ../clib/microlib/ctype/ctype.c           0x00000000   Number         0  ctype_c.o ABSOLUTE
    ../clib/microlib/ctype/ctype.c           0x00000000   Number         0  isgraph_o.o ABSOLUTE
    ../clib/microlib/ctype/ctype.c           0x00000000   Number         0  isdigit_o.o ABSOLUTE
    ../clib/microlib/ctype/ctype.c           0x00000000   Number         0  isspace_o.o ABSOLUTE
    ../clib/microlib/ctype/ctype.c           0x00000000   Number         0  iscntrl_o.o ABSOLUTE
    ../clib/microlib/ctype/ctype.c           0x00000000   Number         0  ctype_o.o ABSOLUTE
    ../clib/microlib/ctype/ctype.c           0x00000000   Number         0  isblank_o.o ABSOLUTE
    ../clib/microlib/ctype/ctype.c           0x00000000   Number         0  isalpha_o.o ABSOLUTE
    ../clib/microlib/ctype/ctype.c           0x00000000   Number         0  isspace_c.o ABSOLUTE
    ../clib/microlib/ctype/ctype.c           0x00000000   Number         0  islower_o.o ABSOLUTE
    ../clib/microlib/ctype/ctype.c           0x00000000   Number         0  isalnum_o.o ABSOLUTE
    ../clib/microlib/ctype/ctype.c           0x00000000   Number         0  isxdigit_o.o ABSOLUTE
    ../clib/microlib/ctype/ctype.c           0x00000000   Number         0  isupper_o.o ABSOLUTE
    ../clib/microlib/ctype/ctype.c           0x00000000   Number         0  ispunct_o.o ABSOLUTE
    ../clib/microlib/division.c              0x00000000   Number         0  uldiv.o ABSOLUTE
    ../clib/microlib/division.c              0x00000000   Number         0  uidiv.o ABSOLUTE
    ../clib/microlib/errno.c                 0x00000000   Number         0  errno.o ABSOLUTE
    ../clib/microlib/init/entry.s            0x00000000   Number         0  entry8a.o ABSOLUTE
    ../clib/microlib/init/entry.s            0x00000000   Number         0  entry7b.o ABSOLUTE
    ../clib/microlib/init/entry.s            0x00000000   Number         0  entry7a.o ABSOLUTE
    ../clib/microlib/init/entry.s            0x00000000   Number         0  entry5.o ABSOLUTE
    ../clib/microlib/init/entry.s            0x00000000   Number         0  entry2.o ABSOLUTE
    ../clib/microlib/init/entry.s            0x00000000   Number         0  entry11a.o ABSOLUTE
    ../clib/microlib/init/entry.s            0x00000000   Number         0  entry.o ABSOLUTE
    ../clib/microlib/init/entry.s            0x00000000   Number         0  entry10b.o ABSOLUTE
    ../clib/microlib/init/entry.s            0x00000000   Number         0  entry10a.o ABSOLUTE
    ../clib/microlib/init/entry.s            0x00000000   Number         0  entry9b.o ABSOLUTE
    ../clib/microlib/init/entry.s            0x00000000   Number         0  entry9a.o ABSOLUTE
    ../clib/microlib/init/entry.s            0x00000000   Number         0  entry11b.o ABSOLUTE
    ../clib/microlib/init/entry.s            0x00000000   Number         0  entry8b.o ABSOLUTE
    ../clib/microlib/longlong.c              0x00000000   Number         0  llushr.o ABSOLUTE
    ../clib/microlib/longlong.c              0x00000000   Number         0  llsshr.o ABSOLUTE
    ../clib/microlib/longlong.c              0x00000000   Number         0  llshl.o ABSOLUTE
    ../clib/microlib/printf/printf.c         0x00000000   Number         0  printf1.o ABSOLUTE
    ../clib/microlib/printf/printf.c         0x00000000   Number         0  printf0.o ABSOLUTE
    ../clib/microlib/printf/printf.c         0x00000000   Number         0  printfb.o ABSOLUTE
    ../clib/microlib/printf/printf.c         0x00000000   Number         0  printf6.o ABSOLUTE
    ../clib/microlib/printf/printf.c         0x00000000   Number         0  printfa.o ABSOLUTE
    ../clib/microlib/printf/printf.c         0x00000000   Number         0  printf8.o ABSOLUTE
    ../clib/microlib/printf/printf.c         0x00000000   Number         0  printf5.o ABSOLUTE
    ../clib/microlib/printf/printf.c         0x00000000   Number         0  printf4.o ABSOLUTE
    ../clib/microlib/printf/printf.c         0x00000000   Number         0  printf7.o ABSOLUTE
    ../clib/microlib/printf/printf.c         0x00000000   Number         0  printf3.o ABSOLUTE
    ../clib/microlib/printf/printf.c         0x00000000   Number         0  printf2.o ABSOLUTE
    ../clib/microlib/printf/stubs.s          0x00000000   Number         0  stubs.o ABSOLUTE
    ../clib/microlib/stdio/streams.c         0x00000000   Number         0  stdout.o ABSOLUTE
    ../clib/microlib/string/strstr.c         0x00000000   Number         0  strstr.o ABSOLUTE
    ../clib/microlib/stubs.s                 0x00000000   Number         0  iusefp.o ABSOLUTE
    ../clib/scanf.c                          0x00000000   Number         0  atoi.o ABSOLUTE
    ../clib/scanf.c                          0x00000000   Number         0  strtol.o ABSOLUTE
    ../clib/scanf.c                          0x00000000   Number         0  strtod.o ABSOLUTE
    ../clib/scanf.c                          0x00000000   Number         0  _chval.o ABSOLUTE
    ../clib/scanf.c                          0x00000000   Number         0  _strtoul.o ABSOLUTE
    ../clib/scanf.c                          0x00000000   Number         0  _sgetc.o ABSOLUTE
    ../clib/scanf.c                          0x00000000   Number         0  scanf_fp.o ABSOLUTE
    ../fplib/microlib/d2f.c                  0x00000000   Number         0  d2f.o ABSOLUTE
    ../fplib/microlib/f2d.c                  0x00000000   Number         0  f2d.o ABSOLUTE
    ../fplib/microlib/fpadd.c                0x00000000   Number         0  fadd.o ABSOLUTE
    ../fplib/microlib/fpadd.c                0x00000000   Number         0  dadd.o ABSOLUTE
    ../fplib/microlib/fpdiv.c                0x00000000   Number         0  fdiv.o ABSOLUTE
    ../fplib/microlib/fpdiv.c                0x00000000   Number         0  ddiv.o ABSOLUTE
    ../fplib/microlib/fpepilogue.c           0x00000000   Number         0  depilogue.o ABSOLUTE
    ../fplib/microlib/fpepilogue.c           0x00000000   Number         0  fepilogue.o ABSOLUTE
    ../fplib/microlib/fpfix.c                0x00000000   Number         0  dfixul.o ABSOLUTE
    ../fplib/microlib/fpfix.c                0x00000000   Number         0  dfixui.o ABSOLUTE
    ../fplib/microlib/fpfix.c                0x00000000   Number         0  ffixui.o ABSOLUTE
    ../fplib/microlib/fpfix.c                0x00000000   Number         0  ffixi.o ABSOLUTE
    ../fplib/microlib/fpflt.c                0x00000000   Number         0  ffltui.o ABSOLUTE
    ../fplib/microlib/fpflt.c                0x00000000   Number         0  fflti.o ABSOLUTE
    ../fplib/microlib/fpflt.c                0x00000000   Number         0  dfltul.o ABSOLUTE
    ../fplib/microlib/fpflt.c                0x00000000   Number         0  dfltui.o ABSOLUTE
    ../fplib/microlib/fpmul.c                0x00000000   Number         0  fmul.o ABSOLUTE
    ../fplib/microlib/fpmul.c                0x00000000   Number         0  dmul.o ABSOLUTE
    ../mathlib/atof.c                        0x00000000   Number         0  atof.o ABSOLUTE
    cdrcmple.s                               0x00000000   Number         0  cdrcmple.o ABSOLUTE
    cfcmple.s                                0x00000000   Number         0  cfcmple.o ABSOLUTE
    cfrcmple.s                               0x00000000   Number         0  cfrcmple.o ABSOLUTE
    cortexm3_macro.s                         0x00000000   Number         0  cortexm3_macro.o ABSOLUTE
    dc.s                                     0x00000000   Number         0  dc.o ABSOLUTE
    driver\ad5245.c                          0x00000000   Number         0  ad5245.o ABSOLUTE
    driver\textcmd.c                         0x00000000   Number         0  textcmd.o ABSOLUTE
    handlers.s                               0x00000000   Number         0  handlers.o ABSOLUTE
    init.s                                   0x00000000   Number         0  init.o ABSOLUTE
    startcode\STM32F10x.s                    0x00000000   Number         0  stm32f10x.o ABSOLUTE
    stm32f10x_adc.c                          0x00000000   Number         0  stm32f10x_adc.o ABSOLUTE
    stm32f10x_dma.c                          0x00000000   Number         0  stm32f10x_dma.o ABSOLUTE
    stm32f10x_exti.c                         0x00000000   Number         0  stm32f10x_exti.o ABSOLUTE
    stm32f10x_flash.c                        0x00000000   Number         0  stm32f10x_flash.o ABSOLUTE
    stm32f10x_gpio.c                         0x00000000   Number         0  stm32f10x_gpio.o ABSOLUTE
    stm32f10x_iwdg.c                         0x00000000   Number         0  stm32f10x_iwdg.o ABSOLUTE
    stm32f10x_nvic.c                         0x00000000   Number         0  stm32f10x_nvic.o ABSOLUTE
    stm32f10x_rcc.c                          0x00000000   Number         0  stm32f10x_rcc.o ABSOLUTE
    stm32f10x_rtc.c                          0x00000000   Number         0  stm32f10x_rtc.o ABSOLUTE
    stm32f10x_tim.c                          0x00000000   Number         0  stm32f10x_tim.o ABSOLUTE
    stm32f10x_usart.c                        0x00000000   Number         0  stm32f10x_usart.o ABSOLUTE
    user\main.c                              0x00000000   Number         0  main.o ABSOLUTE
    user\stm32f10x_it.c                      0x00000000   Number         0  stm32f10x_it.o ABSOLUTE
    RESET                                    0x08000000   Section      236  stm32f10x.o(RESET)
    .ARM.Collect$$$$00000000                 0x080000ec   Section        0  entry.o(.ARM.Collect$$$$00000000)
    .ARM.Collect$$$$00000001                 0x080000ec   Section        4  entry2.o(.ARM.Collect$$$$00000001)
    .ARM.Collect$$$$00000004                 0x080000f0   Section        4  entry5.o(.ARM.Collect$$$$00000004)
    .ARM.Collect$$$$00000008                 0x080000f4   Section        0  entry7b.o(.ARM.Collect$$$$00000008)
    .ARM.Collect$$$$0000000A                 0x080000f4   Section        0  entry8b.o(.ARM.Collect$$$$0000000A)
    .ARM.Collect$$$$0000000B                 0x080000f4   Section        8  entry9a.o(.ARM.Collect$$$$0000000B)
    .ARM.Collect$$$$0000000D                 0x080000fc   Section        0  entry10a.o(.ARM.Collect$$$$0000000D)
    .ARM.Collect$$$$0000000F                 0x080000fc   Section        0  entry11a.o(.ARM.Collect$$$$0000000F)
    .ARM.Collect$$$$00002712                 0x080000fc   Section        4  entry2.o(.ARM.Collect$$$$00002712)
    __lit__00000000                          0x080000fc   Data           4  entry2.o(.ARM.Collect$$$$00002712)
    .text                                    0x08000100   Section       28  stm32f10x.o(.text)
    .text                                    0x0800011c   Section        0  main.o(.text)
    .text                                    0x08001028   Section        0  stm32f10x_it.o(.text)
    .text                                    0x0800125c   Section        0  textcmd.o(.text)
    .text                                    0x080015f4   Section        0  ad5245.o(.text)
    .text                                    0x0800174c   Section        0  strstr.o(.text)
    .text                                    0x08001770   Section        0  atoi.o(.text)
    .text                                    0x0800178a   Section        0  fadd.o(.text)
    .text                                    0x0800183a   Section        0  fmul.o(.text)
    .text                                    0x080018a6   Section        0  fdiv.o(.text)
    .text                                    0x08001926   Section        0  dadd.o(.text)
    .text                                    0x08001a74   Section        0  dmul.o(.text)
    .text                                    0x08001b58   Section        0  ddiv.o(.text)
    .text                                    0x08001c36   Section        0  fflti.o(.text)
    .text                                    0x08001c48   Section        0  ffltui.o(.text)
    .text                                    0x08001c52   Section        0  dfltui.o(.text)
    .text                                    0x08001c6c   Section        0  ffixi.o(.text)
    .text                                    0x08001c9e   Section        0  ffixui.o(.text)
    .text                                    0x08001cc6   Section        0  dfixui.o(.text)
    .text                                    0x08001cf8   Section        0  f2d.o(.text)
    .text                                    0x08001d1e   Section        0  d2f.o(.text)
    .text                                    0x08001d58   Section       20  cfcmple.o(.text)
    .text                                    0x08001d6c   Section       20  cfrcmple.o(.text)
    .text                                    0x08001d80   Section        0  uidiv.o(.text)
    .text                                    0x08001dac   Section        0  uldiv.o(.text)
    .text                                    0x08001e0e   Section        0  llshl.o(.text)
    .text                                    0x08001e2c   Section        0  llushr.o(.text)
    .text                                    0x08001e4c   Section        0  llsshr.o(.text)
    .text                                    0x08001e70   Section        0  strtod.o(.text)
    _local_sscanf                            0x08001e71   Thumb Code    54  strtod.o(.text)
    .text                                    0x08001f0c   Section        0  strtol.o(.text)
    .text                                    0x08001f7c   Section        0  fepilogue.o(.text)
    .text                                    0x08001f7c   Section        0  iusefp.o(.text)
    .text                                    0x08001fe8   Section        0  depilogue.o(.text)
    .text                                    0x080020a6   Section        0  dfixul.o(.text)
    .text                                    0x080020d8   Section       40  cdrcmple.o(.text)
    .text                                    0x08002100   Section       36  init.o(.text)
    .text                                    0x08002124   Section        0  ctype_o.o(.text)
    .text                                    0x0800212c   Section        0  isspace_o.o(.text)
    .text                                    0x08002140   Section        0  scanf_fp.o(.text)
    _fp_value                                0x08002141   Thumb Code   256  scanf_fp.o(.text)
    .text                                    0x0800247c   Section        0  _sgetc.o(.text)
    .text                                    0x080024bc   Section        0  _strtoul.o(.text)
    .text                                    0x0800255a   Section        0  _chval.o(.text)
    .text                                    0x08002576   Section        0  dfltul.o(.text)
    i.ADC_Cmd                                0x0800258e   Section        0  stm32f10x_adc.o(i.ADC_Cmd)
    i.ADC_DMACmd                             0x080025a2   Section        0  stm32f10x_adc.o(i.ADC_DMACmd)
    i.ADC_GetCalibrationStatus               0x080025b6   Section        0  stm32f10x_adc.o(i.ADC_GetCalibrationStatus)
    i.ADC_GetResetCalibrationStatus          0x080025c4   Section        0  stm32f10x_adc.o(i.ADC_GetResetCalibrationStatus)
    i.ADC_Init                               0x080025d4   Section        0  stm32f10x_adc.o(i.ADC_Init)
    i.ADC_RegularChannelConfig               0x0800261c   Section        0  stm32f10x_adc.o(i.ADC_RegularChannelConfig)
    i.ADC_ResetCalibration                   0x08002690   Section        0  stm32f10x_adc.o(i.ADC_ResetCalibration)
    i.ADC_SoftwareStartConvCmd               0x0800269a   Section        0  stm32f10x_adc.o(i.ADC_SoftwareStartConvCmd)
    i.ADC_StartCalibration                   0x080026ae   Section        0  stm32f10x_adc.o(i.ADC_StartCalibration)
    i.DMA_Cmd                                0x080026b8   Section        0  stm32f10x_dma.o(i.DMA_Cmd)
    i.DMA_DeInit                             0x080026cc   Section        0  stm32f10x_dma.o(i.DMA_DeInit)
    i.DMA_Init                               0x080027ac   Section        0  stm32f10x_dma.o(i.DMA_Init)
    i.EXTI_ClearITPendingBit                 0x080027e8   Section        0  stm32f10x_exti.o(i.EXTI_ClearITPendingBit)
    i.EXTI_GetITStatus                       0x080027f4   Section        0  stm32f10x_exti.o(i.EXTI_GetITStatus)
    i.FLASH_PrefetchBufferCmd                0x08002810   Section        0  stm32f10x_flash.o(i.FLASH_PrefetchBufferCmd)
    i.FLASH_SetLatency                       0x08002828   Section        0  stm32f10x_flash.o(i.FLASH_SetLatency)
    i.GPIO_Init                              0x08002840   Section        0  stm32f10x_gpio.o(i.GPIO_Init)
    i.GPIO_PinRemapConfig                    0x080028e0   Section        0  stm32f10x_gpio.o(i.GPIO_PinRemapConfig)
    i.GPIO_ReadInputDataBit                  0x08002928   Section        0  stm32f10x_gpio.o(i.GPIO_ReadInputDataBit)
    i.GPIO_ResetBits                         0x08002936   Section        0  stm32f10x_gpio.o(i.GPIO_ResetBits)
    i.GPIO_SetBits                           0x0800293a   Section        0  stm32f10x_gpio.o(i.GPIO_SetBits)
    i.IWDG_ReloadCounter                     0x08002940   Section        0  stm32f10x_iwdg.o(i.IWDG_ReloadCounter)
    i.NVIC_Init                              0x08002950   Section        0  stm32f10x_nvic.o(i.NVIC_Init)
    i.NVIC_PriorityGroupConfig               0x080029c4   Section        0  stm32f10x_nvic.o(i.NVIC_PriorityGroupConfig)
    i.RCC_ADCCLKConfig                       0x080029d8   Section        0  stm32f10x_rcc.o(i.RCC_ADCCLKConfig)
    i.RCC_AHBPeriphClockCmd                  0x080029ec   Section        0  stm32f10x_rcc.o(i.RCC_AHBPeriphClockCmd)
    i.RCC_APB1PeriphClockCmd                 0x08002a04   Section        0  stm32f10x_rcc.o(i.RCC_APB1PeriphClockCmd)
    i.RCC_APB2PeriphClockCmd                 0x08002a1c   Section        0  stm32f10x_rcc.o(i.RCC_APB2PeriphClockCmd)
    i.RCC_DeInit                             0x08002a34   Section        0  stm32f10x_rcc.o(i.RCC_DeInit)
    i.RCC_GetClocksFreq                      0x08002a70   Section        0  stm32f10x_rcc.o(i.RCC_GetClocksFreq)
    i.RCC_GetFlagStatus                      0x08002b04   Section        0  stm32f10x_rcc.o(i.RCC_GetFlagStatus)
    i.RCC_GetSYSCLKSource                    0x08002b34   Section        0  stm32f10x_rcc.o(i.RCC_GetSYSCLKSource)
    i.RCC_HCLKConfig                         0x08002b44   Section        0  stm32f10x_rcc.o(i.RCC_HCLKConfig)
    i.RCC_PCLK1Config                        0x08002b58   Section        0  stm32f10x_rcc.o(i.RCC_PCLK1Config)
    i.RCC_PCLK2Config                        0x08002b6c   Section        0  stm32f10x_rcc.o(i.RCC_PCLK2Config)
    i.RCC_PLLCmd                             0x08002b80   Section        0  stm32f10x_rcc.o(i.RCC_PLLCmd)
    i.RCC_PLLConfig                          0x08002b8c   Section        0  stm32f10x_rcc.o(i.RCC_PLLConfig)
    i.RCC_SYSCLKConfig                       0x08002ba0   Section        0  stm32f10x_rcc.o(i.RCC_SYSCLKConfig)
    i.RTC_ClearITPendingBit                  0x08002bb4   Section        0  stm32f10x_rtc.o(i.RTC_ClearITPendingBit)
    i.RTC_GetITStatus                        0x08002bc4   Section        0  stm32f10x_rtc.o(i.RTC_GetITStatus)
    i.TIM_ARRPreloadConfig                   0x08002be0   Section        0  stm32f10x_tim.o(i.TIM_ARRPreloadConfig)
    i.TIM_ClearFlag                          0x08002bf6   Section        0  stm32f10x_tim.o(i.TIM_ClearFlag)
    i.TIM_Cmd                                0x08002bfc   Section        0  stm32f10x_tim.o(i.TIM_Cmd)
    i.TIM_ITConfig                           0x08002c12   Section        0  stm32f10x_tim.o(i.TIM_ITConfig)
    i.TIM_OC3Init                            0x08002c24   Section        0  stm32f10x_tim.o(i.TIM_OC3Init)
    i.TIM_OC3PreloadConfig                   0x08002c9c   Section        0  stm32f10x_tim.o(i.TIM_OC3PreloadConfig)
    i.TIM_SetCompare2                        0x08002ca8   Section        0  stm32f10x_tim.o(i.TIM_SetCompare2)
    i.TIM_SetCompare3                        0x08002cac   Section        0  stm32f10x_tim.o(i.TIM_SetCompare3)
    i.TIM_TimeBaseInit                       0x08002cb0   Section        0  stm32f10x_tim.o(i.TIM_TimeBaseInit)
    i.USART_ClearITPendingBit                0x08002cec   Section        0  stm32f10x_usart.o(i.USART_ClearITPendingBit)
    i.USART_Cmd                              0x08002cf8   Section        0  stm32f10x_usart.o(i.USART_Cmd)
    i.USART_GetFlagStatus                    0x08002d0c   Section        0  stm32f10x_usart.o(i.USART_GetFlagStatus)
    i.USART_GetITStatus                      0x08002d1a   Section        0  stm32f10x_usart.o(i.USART_GetITStatus)
    i.USART_ITConfig                         0x08002d58   Section        0  stm32f10x_usart.o(i.USART_ITConfig)
    i.USART_Init                             0x08002d88   Section        0  stm32f10x_usart.o(i.USART_Init)
    i.USART_ReceiveData                      0x08002e10   Section        0  stm32f10x_usart.o(i.USART_ReceiveData)
    i.USART_SendData                         0x08002e18   Section        0  stm32f10x_usart.o(i.USART_SendData)
    i.__0printf                              0x08002e20   Section        0  printfa.o(i.__0printf)
    i.__aeabi_errno_addr                     0x08002e40   Section        0  errno.o(i.__aeabi_errno_addr)
    i.__read_errno                           0x08002e48   Section        0  errno.o(i.__read_errno)
    i.__scatterload_copy                     0x08002e54   Section       14  handlers.o(i.__scatterload_copy)
    i.__scatterload_null                     0x08002e62   Section        2  handlers.o(i.__scatterload_null)
    i.__scatterload_zeroinit                 0x08002e64   Section       14  handlers.o(i.__scatterload_zeroinit)
    i.__set_errno                            0x08002e74   Section        0  errno.o(i.__set_errno)
    i._fp_digits                             0x08002e80   Section        0  printfa.o(i._fp_digits)
    _fp_digits                               0x08002e81   Thumb Code   326  printfa.o(i._fp_digits)
    i._is_digit                              0x08002fdc   Section        0  scanf_fp.o(i._is_digit)
    i._printf_core                           0x08002fec   Section        0  printfa.o(i._printf_core)
    _printf_core                             0x08002fed   Thumb Code  1762  printfa.o(i._printf_core)
    i._printf_post_padding                   0x080036dc   Section        0  printfa.o(i._printf_post_padding)
    _printf_post_padding                     0x080036dd   Thumb Code    38  printfa.o(i._printf_post_padding)
    i._printf_pre_padding                    0x08003702   Section        0  printfa.o(i._printf_pre_padding)
    _printf_pre_padding                      0x08003703   Thumb Code    48  printfa.o(i._printf_pre_padding)
    i.atof                                   0x08003732   Section        0  atof.o(i.atof)
    .constdata                               0x0800375c   Section       20  stm32f10x_rcc.o(.constdata)
    ADCPrescTable                            0x0800375c   Data           4  stm32f10x_rcc.o(.constdata)
    APBAHBPrescTable                         0x08003760   Data          16  stm32f10x_rcc.o(.constdata)
    .constdata                               0x08003770   Section      129  ctype_o.o(.constdata)
    .constdata                               0x080037f4   Section        4  ctype_o.o(.constdata)
    table                                    0x080037f4   Data           4  ctype_o.o(.constdata)
    .data                                    0x20000000   Section      117  main.o(.data)
    timer_temp                               0x20000040   Data           2  main.o(.data)
    voltage_feedback_last                    0x20000044   Data           4  main.o(.data)
    pas_maxvalue                             0x20000048   Data           2  main.o(.data)
    pas_signal_flag                          0x2000004a   Data           2  main.o(.data)
    .data                                    0x20000076   Section       80  textcmd.o(.data)
    cmd_word_str                             0x20000076   Data          72  textcmd.o(.data)
    .data                                    0x200000c8   Section        4  stdout.o(.data)
    .data                                    0x200000cc   Section        4  errno.o(.data)
    _errno                                   0x200000cc   Data           4  errno.o(.data)
    .bss                                     0x200000d0   Section      572  main.o(.bss)
    .bss                                     0x2000030c   Section      256  textcmd.o(.bss)
    STACK                                    0x20000410   Section     4096  stm32f10x.o(STACK)

    Global Symbols

    Symbol Name                              Value     Ov Type        Size  Object(Section)

    BuildAttributes$$THM_ISAv4$P$D$K$B$S$PE$A:L22UL41UL21$X:L11$S22US41US21$IEEE1$IW$USESV6$~STKCKD$USESV7$~SHL$OTIME$ROPI$IEEEJ$EBA8$MICROLIB$REQ8$PRES8$EABIv2 0x00000000   Number         0  anon$$obj.o ABSOLUTE
    __ARM_use_no_argv                        0x00000000   Number         0  main.o ABSOLUTE
    _printf_a                                0x00000000   Number         0  stubs.o ABSOLUTE
    _printf_c                                0x00000000   Number         0  stubs.o ABSOLUTE
    _printf_charcount                        0x00000000   Number         0  stubs.o ABSOLUTE
    _printf_d                                0x00000000   Number         0  stubs.o ABSOLUTE
    _printf_e                                0x00000000   Number         0  stubs.o ABSOLUTE
    _printf_f                                0x00000000   Number         0  stubs.o ABSOLUTE
    _printf_flags                            0x00000000   Number         0  stubs.o ABSOLUTE
    _printf_fp_dec                           0x00000000   Number         0  stubs.o ABSOLUTE
    _printf_fp_hex                           0x00000000   Number         0  stubs.o ABSOLUTE
    _printf_g                                0x00000000   Number         0  stubs.o ABSOLUTE
    _printf_i                                0x00000000   Number         0  stubs.o ABSOLUTE
    _printf_int_dec                          0x00000000   Number         0  stubs.o ABSOLUTE
    _printf_l                                0x00000000   Number         0  stubs.o ABSOLUTE
    _printf_lc                               0x00000000   Number         0  stubs.o ABSOLUTE
    _printf_ll                               0x00000000   Number         0  stubs.o ABSOLUTE
    _printf_lld                              0x00000000   Number         0  stubs.o ABSOLUTE
    _printf_lli                              0x00000000   Number         0  stubs.o ABSOLUTE
    _printf_llo                              0x00000000   Number         0  stubs.o ABSOLUTE
    _printf_llu                              0x00000000   Number         0  stubs.o ABSOLUTE
    _printf_llx                              0x00000000   Number         0  stubs.o ABSOLUTE
    _printf_longlong_dec                     0x00000000   Number         0  stubs.o ABSOLUTE
    _printf_longlong_hex                     0x00000000   Number         0  stubs.o ABSOLUTE
    _printf_longlong_oct                     0x00000000   Number         0  stubs.o ABSOLUTE
    _printf_ls                               0x00000000   Number         0  stubs.o ABSOLUTE
    _printf_mbtowc                           0x00000000   Number         0  stubs.o ABSOLUTE
    _printf_n                                0x00000000   Number         0  stubs.o ABSOLUTE
    _printf_o                                0x00000000   Number         0  stubs.o ABSOLUTE
    _printf_p                                0x00000000   Number         0  stubs.o ABSOLUTE
    _printf_percent                          0x00000000   Number         0  stubs.o ABSOLUTE
    _printf_pre_padding                      0x00000000   Number         0  stubs.o ABSOLUTE
    _printf_return_value                     0x00000000   Number         0  stubs.o ABSOLUTE
    _printf_s                                0x00000000   Number         0  stubs.o ABSOLUTE
    _printf_sizespec                         0x00000000   Number         0  stubs.o ABSOLUTE
    _printf_str                              0x00000000   Number         0  stubs.o ABSOLUTE
    _printf_truncate_signed                  0x00000000   Number         0  stubs.o ABSOLUTE
    _printf_truncate_unsigned                0x00000000   Number         0  stubs.o ABSOLUTE
    _printf_u                                0x00000000   Number         0  stubs.o ABSOLUTE
    _printf_wc                               0x00000000   Number         0  stubs.o ABSOLUTE
    _printf_wctomb                           0x00000000   Number         0  stubs.o ABSOLUTE
    _printf_widthprec                        0x00000000   Number         0  stubs.o ABSOLUTE
    _printf_x                                0x00000000   Number         0  stubs.o ABSOLUTE
    __cpp_initialize__aeabi_                  - Undefined Weak Reference
    __cxa_finalize                            - Undefined Weak Reference
    __decompress                              - Undefined Weak Reference
    _clock_init                               - Undefined Weak Reference
    _microlib_exit                            - Undefined Weak Reference
    __Vectors                                0x08000000   Data           4  stm32f10x.o(RESET)
    __main                                   0x080000ed   Thumb Code     0  entry.o(.ARM.Collect$$$$00000000)
    _main_stk                                0x080000ed   Thumb Code     0  entry2.o(.ARM.Collect$$$$00000001)
    _main_scatterload                        0x080000f1   Thumb Code     0  entry5.o(.ARM.Collect$$$$00000004)
    __main_after_scatterload                 0x080000f5   Thumb Code     0  entry5.o(.ARM.Collect$$$$00000004)
    _main_clock                              0x080000f5   Thumb Code     0  entry7b.o(.ARM.Collect$$$$00000008)
    _main_cpp_init                           0x080000f5   Thumb Code     0  entry8b.o(.ARM.Collect$$$$0000000A)
    _main_init                               0x080000f5   Thumb Code     0  entry9a.o(.ARM.Collect$$$$0000000B)
    __rt_final_cpp                           0x080000fd   Thumb Code     0  entry10a.o(.ARM.Collect$$$$0000000D)
    __rt_final_exit                          0x080000fd   Thumb Code     0  entry11a.o(.ARM.Collect$$$$0000000F)
    Reset_Handler                            0x08000101   Thumb Code     4  stm32f10x.o(.text)
    ADC_IRQHandler                           0x08000117   Thumb Code     0  stm32f10x.o(.text)
    DMAChannel1_IRQHandler                   0x08000117   Thumb Code     0  stm32f10x.o(.text)
    DMAChannel2_IRQHandler                   0x08000117   Thumb Code     0  stm32f10x.o(.text)
    DMAChannel3_IRQHandler                   0x08000117   Thumb Code     0  stm32f10x.o(.text)
    DMAChannel4_IRQHandler                   0x08000117   Thumb Code     0  stm32f10x.o(.text)
    DMAChannel5_IRQHandler                   0x08000117   Thumb Code     0  stm32f10x.o(.text)
    DMAChannel6_IRQHandler                   0x08000117   Thumb Code     0  stm32f10x.o(.text)
    DMAChannel7_IRQHandler                   0x08000117   Thumb Code     0  stm32f10x.o(.text)
    RCC_Configuration                        0x0800011d   Thumb Code    86  main.o(.text)
    NVIC_Configuration                       0x08000173   Thumb Code   110  main.o(.text)
    TIM_Configuration                        0x080001e1   Thumb Code   122  main.o(.text)
    GPIO_Configuration                       0x0800025b   Thumb Code   106  main.o(.text)
    USART_Configuration                      0x080002c5   Thumb Code   212  main.o(.text)
    USART1_Config                            0x08000399   Thumb Code   114  main.o(.text)
    Tim3_pwm_config                          0x0800040b   Thumb Code   136  main.o(.text)
    Tim2_pwm_config                          0x08000493   Thumb Code   150  main.o(.text)
    adc1_init                                0x08000529   Thumb Code   292  main.o(.text)
    ADC_Read                                 0x0800064d   Thumb Code   170  main.o(.text)
    delay_ms                                 0x080006f7   Thumb Code    32  main.o(.text)
    highvolage_adjust                        0x08000717   Thumb Code   634  main.o(.text)
    PAS_buf                                  0x08000991   Thumb Code   378  main.o(.text)
    fputc                                    0x08000b0b   Thumb Code    32  main.o(.text)
    WaitForAdcDown                           0x08000b2b   Thumb Code    48  main.o(.text)
    AdjustVoltage                            0x08000b5b   Thumb Code   536  main.o(.text)
    TestPwmAndInputVoltage                   0x08000d73   Thumb Code   414  main.o(.text)
    main                                     0x08000f11   Thumb Code   170  main.o(.text)
    NMIException                             0x08001029   Thumb Code     2  stm32f10x_it.o(.text)
    NMI_Handler                              0x08001029   Thumb Code     0  stm32f10x_it.o(.text)
    HardFaultException                       0x0800102b   Thumb Code     4  stm32f10x_it.o(.text)
    HardFault_Handler                        0x0800102b   Thumb Code     0  stm32f10x_it.o(.text)
    MemManageException                       0x0800102f   Thumb Code     4  stm32f10x_it.o(.text)
    MemManage_Handler                        0x0800102f   Thumb Code     0  stm32f10x_it.o(.text)
    BusFaultException                        0x08001033   Thumb Code     4  stm32f10x_it.o(.text)
    BusFault_Handler                         0x08001033   Thumb Code     0  stm32f10x_it.o(.text)
    UsageFaultException                      0x08001037   Thumb Code     4  stm32f10x_it.o(.text)
    UsageFault_Handler                       0x08001037   Thumb Code     0  stm32f10x_it.o(.text)
    DebugMon_Handler                         0x0800103b   Thumb Code     0  stm32f10x_it.o(.text)
    DebugMonitor                             0x0800103b   Thumb Code     2  stm32f10x_it.o(.text)
    SVCHandler                               0x0800103d   Thumb Code     2  stm32f10x_it.o(.text)
    SVC_Handler                              0x0800103d   Thumb Code     0  stm32f10x_it.o(.text)
    PendSVC                                  0x0800103f   Thumb Code     2  stm32f10x_it.o(.text)
    PendSV_Handler                           0x0800103f   Thumb Code     0  stm32f10x_it.o(.text)
    SysTickHandler                           0x08001041   Thumb Code     2  stm32f10x_it.o(.text)
    SysTick_Handler                          0x08001041   Thumb Code     0  stm32f10x_it.o(.text)
    WWDG_IRQHandler                          0x08001043   Thumb Code     2  stm32f10x_it.o(.text)
    PVD_IRQHandler                           0x08001045   Thumb Code     2  stm32f10x_it.o(.text)
    TAMPER_IRQHandler                        0x08001047   Thumb Code     2  stm32f10x_it.o(.text)
    RTC_IRQHandler                           0x08001049   Thumb Code    18  stm32f10x_it.o(.text)
    FLASH_IRQHandler                         0x0800105b   Thumb Code     2  stm32f10x_it.o(.text)
    RCC_IRQHandler                           0x0800105d   Thumb Code     2  stm32f10x_it.o(.text)
    EXTI0_IRQHandler                         0x0800105f   Thumb Code     2  stm32f10x_it.o(.text)
    EXTI1_IRQHandler                         0x08001061   Thumb Code     2  stm32f10x_it.o(.text)
    EXTI2_IRQHandler                         0x08001063   Thumb Code     2  stm32f10x_it.o(.text)
    EXTI3_IRQHandler                         0x08001065   Thumb Code     2  stm32f10x_it.o(.text)
    EXTI4_IRQHandler                         0x08001067   Thumb Code     2  stm32f10x_it.o(.text)
    DMA1_Channel1_IRQHandler                 0x08001069   Thumb Code     2  stm32f10x_it.o(.text)
    DMA1_Channel2_IRQHandler                 0x0800106b   Thumb Code     2  stm32f10x_it.o(.text)
    DMA1_Channel3_IRQHandler                 0x0800106d   Thumb Code     2  stm32f10x_it.o(.text)
    DMA1_Channel4_IRQHandler                 0x0800106f   Thumb Code     2  stm32f10x_it.o(.text)
    DMA1_Channel5_IRQHandler                 0x08001071   Thumb Code     2  stm32f10x_it.o(.text)
    DMA1_Channel6_IRQHandler                 0x08001073   Thumb Code     2  stm32f10x_it.o(.text)
    DMA1_Channel7_IRQHandler                 0x08001075   Thumb Code     2  stm32f10x_it.o(.text)
    ADC1_2_IRQHandler                        0x08001077   Thumb Code     2  stm32f10x_it.o(.text)
    USB_HP_CAN_TX_IRQHandler                 0x08001079   Thumb Code     2  stm32f10x_it.o(.text)
    USB_LP_CAN_RX0_IRQHandler                0x0800107b   Thumb Code     2  stm32f10x_it.o(.text)
    CAN_RX1_IRQHandler                       0x0800107d   Thumb Code     2  stm32f10x_it.o(.text)
    CAN_SCE_IRQHandler                       0x0800107f   Thumb Code     2  stm32f10x_it.o(.text)
    EXTI9_5_IRQHandler                       0x08001081   Thumb Code     2  stm32f10x_it.o(.text)
    TIM1_BRK_IRQHandler                      0x08001083   Thumb Code     2  stm32f10x_it.o(.text)
    TIM1_UP_IRQHandler                       0x08001085   Thumb Code     2  stm32f10x_it.o(.text)
    TIM1_TRG_COM_IRQHandler                  0x08001087   Thumb Code     2  stm32f10x_it.o(.text)
    TIM1_CC_IRQHandler                       0x08001089   Thumb Code     2  stm32f10x_it.o(.text)
    TIM2_IRQHandler                          0x0800108b   Thumb Code     2  stm32f10x_it.o(.text)
    TIM3_IRQHandler                          0x0800108d   Thumb Code     2  stm32f10x_it.o(.text)
    TIM4_IRQHandler                          0x0800108f   Thumb Code    16  stm32f10x_it.o(.text)
    I2C1_EV_IRQHandler                       0x0800109f   Thumb Code     2  stm32f10x_it.o(.text)
    I2C1_ER_IRQHandler                       0x080010a1   Thumb Code     2  stm32f10x_it.o(.text)
    I2C2_EV_IRQHandler                       0x080010a3   Thumb Code     2  stm32f10x_it.o(.text)
    I2C2_ER_IRQHandler                       0x080010a5   Thumb Code     2  stm32f10x_it.o(.text)
    SPI1_IRQHandler                          0x080010a7   Thumb Code     2  stm32f10x_it.o(.text)
    SPI2_IRQHandler                          0x080010a9   Thumb Code     2  stm32f10x_it.o(.text)
    USART1_IRQHandler                        0x080010ab   Thumb Code   146  stm32f10x_it.o(.text)
    USART2_IRQHandler                        0x0800113d   Thumb Code   116  stm32f10x_it.o(.text)
    USART3_IRQHandler                        0x080011b1   Thumb Code    42  stm32f10x_it.o(.text)
    EXTI15_10_IRQHandler                     0x080011db   Thumb Code    60  stm32f10x_it.o(.text)
    RTCAlarm_IRQHandler                      0x08001217   Thumb Code     2  stm32f10x_it.o(.text)
    USBWakeUp_IRQHandler                     0x08001219   Thumb Code     2  stm32f10x_it.o(.text)
    TIM8_BRK_IRQHandler                      0x0800121b   Thumb Code     2  stm32f10x_it.o(.text)
    TIM8_UP_IRQHandler                       0x0800121d   Thumb Code     2  stm32f10x_it.o(.text)
    TIM8_TRG_COM_IRQHandler                  0x0800121f   Thumb Code     2  stm32f10x_it.o(.text)
    TIM8_CC_IRQHandler                       0x08001221   Thumb Code     2  stm32f10x_it.o(.text)
    ADC3_IRQHandler                          0x08001223   Thumb Code     2  stm32f10x_it.o(.text)
    FSMC_IRQHandler                          0x08001225   Thumb Code     2  stm32f10x_it.o(.text)
    SDIO_IRQHandler                          0x08001227   Thumb Code     2  stm32f10x_it.o(.text)
    TIM5_IRQHandler                          0x08001229   Thumb Code     2  stm32f10x_it.o(.text)
    SPI3_IRQHandler                          0x0800122b   Thumb Code     2  stm32f10x_it.o(.text)
    UART4_IRQHandler                         0x0800122d   Thumb Code     2  stm32f10x_it.o(.text)
    UART5_IRQHandler                         0x0800122f   Thumb Code     2  stm32f10x_it.o(.text)
    TIM6_IRQHandler                          0x08001231   Thumb Code     2  stm32f10x_it.o(.text)
    TIM7_IRQHandler                          0x08001233   Thumb Code     2  stm32f10x_it.o(.text)
    DMA2_Channel1_IRQHandler                 0x08001235   Thumb Code     2  stm32f10x_it.o(.text)
    DMA2_Channel2_IRQHandler                 0x08001237   Thumb Code     2  stm32f10x_it.o(.text)
    DMA2_Channel3_IRQHandler                 0x08001239   Thumb Code     2  stm32f10x_it.o(.text)
    DMA2_Channel4_5_IRQHandler               0x0800123b   Thumb Code     2  stm32f10x_it.o(.text)
    str_upr                                  0x0800125d   Thumb Code    34  textcmd.o(.text)
    text_parse                               0x0800127f   Thumb Code   656  textcmd.o(.text)
    text_cmd                                 0x0800150f   Thumb Code    34  textcmd.o(.text)
    delay_us                                 0x080015f5   Thumb Code    30  ad5245.o(.text)
    ad5245_init                              0x08001613   Thumb Code    54  ad5245.o(.text)
    iic_start                                0x08001649   Thumb Code    40  ad5245.o(.text)
    iic_stop                                 0x08001671   Thumb Code    40  ad5245.o(.text)
    iic_ack                                  0x08001699   Thumb Code    48  ad5245.o(.text)
    ad5245_writebyte                         0x080016c9   Thumb Code    82  ad5245.o(.text)
    ad5245_write                             0x0800171b   Thumb Code    44  ad5245.o(.text)
    strstr                                   0x0800174d   Thumb Code    36  strstr.o(.text)
    atoi                                     0x08001771   Thumb Code    26  atoi.o(.text)
    __aeabi_fadd                             0x0800178b   Thumb Code   164  fadd.o(.text)
    __aeabi_fsub                             0x0800182f   Thumb Code     6  fadd.o(.text)
    __aeabi_frsub                            0x08001835   Thumb Code     6  fadd.o(.text)
    __aeabi_fmul                             0x0800183b   Thumb Code   108  fmul.o(.text)
    __aeabi_fdiv                             0x080018a7   Thumb Code   128  fdiv.o(.text)
    __aeabi_dadd                             0x08001927   Thumb Code   322  dadd.o(.text)
    __aeabi_dsub                             0x08001a69   Thumb Code     6  dadd.o(.text)
    __aeabi_drsub                            0x08001a6f   Thumb Code     6  dadd.o(.text)
    __aeabi_dmul                             0x08001a75   Thumb Code   228  dmul.o(.text)
    __aeabi_ddiv                             0x08001b59   Thumb Code   222  ddiv.o(.text)
    __aeabi_i2f                              0x08001c37   Thumb Code    18  fflti.o(.text)
    __aeabi_ui2f                             0x08001c49   Thumb Code    10  ffltui.o(.text)
    __aeabi_ui2d                             0x08001c53   Thumb Code    26  dfltui.o(.text)
    __aeabi_f2iz                             0x08001c6d   Thumb Code    50  ffixi.o(.text)
    __aeabi_f2uiz                            0x08001c9f   Thumb Code    40  ffixui.o(.text)
    __aeabi_d2uiz                            0x08001cc7   Thumb Code    50  dfixui.o(.text)
    __aeabi_f2d                              0x08001cf9   Thumb Code    38  f2d.o(.text)
    __aeabi_d2f                              0x08001d1f   Thumb Code    56  d2f.o(.text)
    __aeabi_cfcmpeq                          0x08001d59   Thumb Code     0  cfcmple.o(.text)
    __aeabi_cfcmple                          0x08001d59   Thumb Code    20  cfcmple.o(.text)
    __aeabi_cfrcmple                         0x08001d6d   Thumb Code    20  cfrcmple.o(.text)
    __aeabi_uidiv                            0x08001d81   Thumb Code     0  uidiv.o(.text)
    __aeabi_uidivmod                         0x08001d81   Thumb Code    44  uidiv.o(.text)
    __aeabi_uldivmod                         0x08001dad   Thumb Code    98  uldiv.o(.text)
    __aeabi_llsl                             0x08001e0f   Thumb Code    30  llshl.o(.text)
    _ll_shift_l                              0x08001e0f   Thumb Code     0  llshl.o(.text)
    __aeabi_llsr                             0x08001e2d   Thumb Code    32  llushr.o(.text)
    _ll_ushift_r                             0x08001e2d   Thumb Code     0  llushr.o(.text)
    __aeabi_lasr                             0x08001e4d   Thumb Code    36  llsshr.o(.text)
    _ll_sshift_r                             0x08001e4d   Thumb Code     0  llsshr.o(.text)
    __strtod_int                             0x08001ea7   Thumb Code    88  strtod.o(.text)
    strtol                                   0x08001f0d   Thumb Code   112  strtol.o(.text)
    __I$use$fp                               0x08001f7d   Thumb Code     0  iusefp.o(.text)
    _float_round                             0x08001f7d   Thumb Code    18  fepilogue.o(.text)
    _float_epilogue                          0x08001f8f   Thumb Code    90  fepilogue.o(.text)
    _double_round                            0x08001fe9   Thumb Code    26  depilogue.o(.text)
    _double_epilogue                         0x08002003   Thumb Code   164  depilogue.o(.text)
    __aeabi_d2ulz                            0x080020a7   Thumb Code    48  dfixul.o(.text)
    __aeabi_cdrcmple                         0x080020d9   Thumb Code    38  cdrcmple.o(.text)
    __scatterload                            0x08002101   Thumb Code    28  init.o(.text)
    __scatterload_rt2                        0x08002101   Thumb Code     0  init.o(.text)
    __rt_ctype_table                         0x08002125   Thumb Code     4  ctype_o.o(.text)
    isspace                                  0x0800212d   Thumb Code    18  isspace_o.o(.text)
    _scanf_real                              0x08002241   Thumb Code     0  scanf_fp.o(.text)
    _scanf_really_real                       0x08002241   Thumb Code   560  scanf_fp.o(.text)
    _sgetc                                   0x0800247d   Thumb Code    30  _sgetc.o(.text)
    _sbackspace                              0x0800249b   Thumb Code    34  _sgetc.o(.text)
    _strtoul                                 0x080024bd   Thumb Code   158  _strtoul.o(.text)
    _chval                                   0x0800255b   Thumb Code    28  _chval.o(.text)
    __aeabi_ul2d                             0x08002577   Thumb Code    24  dfltul.o(.text)
    ADC_Cmd                                  0x0800258f   Thumb Code    20  stm32f10x_adc.o(i.ADC_Cmd)
    ADC_DMACmd                               0x080025a3   Thumb Code    20  stm32f10x_adc.o(i.ADC_DMACmd)
    ADC_GetCalibrationStatus                 0x080025b7   Thumb Code    14  stm32f10x_adc.o(i.ADC_GetCalibrationStatus)
    ADC_GetResetCalibrationStatus            0x080025c5   Thumb Code    14  stm32f10x_adc.o(i.ADC_GetResetCalibrationStatus)
    ADC_Init                                 0x080025d5   Thumb Code    62  stm32f10x_adc.o(i.ADC_Init)
    ADC_RegularChannelConfig                 0x0800261d   Thumb Code   116  stm32f10x_adc.o(i.ADC_RegularChannelConfig)
    ADC_ResetCalibration                     0x08002691   Thumb Code    10  stm32f10x_adc.o(i.ADC_ResetCalibration)
    ADC_SoftwareStartConvCmd                 0x0800269b   Thumb Code    20  stm32f10x_adc.o(i.ADC_SoftwareStartConvCmd)
    ADC_StartCalibration                     0x080026af   Thumb Code    10  stm32f10x_adc.o(i.ADC_StartCalibration)
    DMA_Cmd                                  0x080026b9   Thumb Code    20  stm32f10x_dma.o(i.DMA_Cmd)
    DMA_DeInit                               0x080026cd   Thumb Code   210  stm32f10x_dma.o(i.DMA_DeInit)
    DMA_Init                                 0x080027ad   Thumb Code    58  stm32f10x_dma.o(i.DMA_Init)
    EXTI_ClearITPendingBit                   0x080027e9   Thumb Code     6  stm32f10x_exti.o(i.EXTI_ClearITPendingBit)
    EXTI_GetITStatus                         0x080027f5   Thumb Code    24  stm32f10x_exti.o(i.EXTI_GetITStatus)
    FLASH_PrefetchBufferCmd                  0x08002811   Thumb Code    18  stm32f10x_flash.o(i.FLASH_PrefetchBufferCmd)
    FLASH_SetLatency                         0x08002829   Thumb Code    18  stm32f10x_flash.o(i.FLASH_SetLatency)
    GPIO_Init                                0x08002841   Thumb Code   160  stm32f10x_gpio.o(i.GPIO_Init)
    GPIO_PinRemapConfig                      0x080028e1   Thumb Code    66  stm32f10x_gpio.o(i.GPIO_PinRemapConfig)
    GPIO_ReadInputDataBit                    0x08002929   Thumb Code    14  stm32f10x_gpio.o(i.GPIO_ReadInputDataBit)
    GPIO_ResetBits                           0x08002937   Thumb Code     4  stm32f10x_gpio.o(i.GPIO_ResetBits)
    GPIO_SetBits                             0x0800293b   Thumb Code     4  stm32f10x_gpio.o(i.GPIO_SetBits)
    IWDG_ReloadCounter                       0x08002941   Thumb Code    10  stm32f10x_iwdg.o(i.IWDG_ReloadCounter)
    NVIC_Init                                0x08002951   Thumb Code   116  stm32f10x_nvic.o(i.NVIC_Init)
    NVIC_PriorityGroupConfig                 0x080029c5   Thumb Code    10  stm32f10x_nvic.o(i.NVIC_PriorityGroupConfig)
    RCC_ADCCLKConfig                         0x080029d9   Thumb Code    14  stm32f10x_rcc.o(i.RCC_ADCCLKConfig)
    RCC_AHBPeriphClockCmd                    0x080029ed   Thumb Code    18  stm32f10x_rcc.o(i.RCC_AHBPeriphClockCmd)
    RCC_APB1PeriphClockCmd                   0x08002a05   Thumb Code    18  stm32f10x_rcc.o(i.RCC_APB1PeriphClockCmd)
    RCC_APB2PeriphClockCmd                   0x08002a1d   Thumb Code    18  stm32f10x_rcc.o(i.RCC_APB2PeriphClockCmd)
    RCC_DeInit                               0x08002a35   Thumb Code    48  stm32f10x_rcc.o(i.RCC_DeInit)
    RCC_GetClocksFreq                        0x08002a71   Thumb Code   132  stm32f10x_rcc.o(i.RCC_GetClocksFreq)
    RCC_GetFlagStatus                        0x08002b05   Thumb Code    42  stm32f10x_rcc.o(i.RCC_GetFlagStatus)
    RCC_GetSYSCLKSource                      0x08002b35   Thumb Code    10  stm32f10x_rcc.o(i.RCC_GetSYSCLKSource)
    RCC_HCLKConfig                           0x08002b45   Thumb Code    14  stm32f10x_rcc.o(i.RCC_HCLKConfig)
    RCC_PCLK1Config                          0x08002b59   Thumb Code    14  stm32f10x_rcc.o(i.RCC_PCLK1Config)
    RCC_PCLK2Config                          0x08002b6d   Thumb Code    16  stm32f10x_rcc.o(i.RCC_PCLK2Config)
    RCC_PLLCmd                               0x08002b81   Thumb Code     6  stm32f10x_rcc.o(i.RCC_PLLCmd)
    RCC_PLLConfig                            0x08002b8d   Thumb Code    16  stm32f10x_rcc.o(i.RCC_PLLConfig)
    RCC_SYSCLKConfig                         0x08002ba1   Thumb Code    14  stm32f10x_rcc.o(i.RCC_SYSCLKConfig)
    RTC_ClearITPendingBit                    0x08002bb5   Thumb Code    10  stm32f10x_rtc.o(i.RTC_ClearITPendingBit)
    RTC_GetITStatus                          0x08002bc5   Thumb Code    24  stm32f10x_rtc.o(i.RTC_GetITStatus)
    TIM_ARRPreloadConfig                     0x08002be1   Thumb Code    22  stm32f10x_tim.o(i.TIM_ARRPreloadConfig)
    TIM_ClearFlag                            0x08002bf7   Thumb Code     6  stm32f10x_tim.o(i.TIM_ClearFlag)
    TIM_Cmd                                  0x08002bfd   Thumb Code    22  stm32f10x_tim.o(i.TIM_Cmd)
    TIM_ITConfig                             0x08002c13   Thumb Code    16  stm32f10x_tim.o(i.TIM_ITConfig)
    TIM_OC3Init                              0x08002c25   Thumb Code   112  stm32f10x_tim.o(i.TIM_OC3Init)
    TIM_OC3PreloadConfig                     0x08002c9d   Thumb Code    12  stm32f10x_tim.o(i.TIM_OC3PreloadConfig)
    TIM_SetCompare2                          0x08002ca9   Thumb Code     4  stm32f10x_tim.o(i.TIM_SetCompare2)
    TIM_SetCompare3                          0x08002cad   Thumb Code     4  stm32f10x_tim.o(i.TIM_SetCompare3)
    TIM_TimeBaseInit                         0x08002cb1   Thumb Code    52  stm32f10x_tim.o(i.TIM_TimeBaseInit)
    USART_ClearITPendingBit                  0x08002ced   Thumb Code    12  stm32f10x_usart.o(i.USART_ClearITPendingBit)
    USART_Cmd                                0x08002cf9   Thumb Code    20  stm32f10x_usart.o(i.USART_Cmd)
    USART_GetFlagStatus                      0x08002d0d   Thumb Code    14  stm32f10x_usart.o(i.USART_GetFlagStatus)
    USART_GetITStatus                        0x08002d1b   Thumb Code    62  stm32f10x_usart.o(i.USART_GetITStatus)
    USART_ITConfig                           0x08002d59   Thumb Code    48  stm32f10x_usart.o(i.USART_ITConfig)
    USART_Init                               0x08002d89   Thumb Code   130  stm32f10x_usart.o(i.USART_Init)
    USART_ReceiveData                        0x08002e11   Thumb Code     8  stm32f10x_usart.o(i.USART_ReceiveData)
    USART_SendData                           0x08002e19   Thumb Code     8  stm32f10x_usart.o(i.USART_SendData)
    __0printf                                0x08002e21   Thumb Code    22  printfa.o(i.__0printf)
    __1printf                                0x08002e21   Thumb Code     0  printfa.o(i.__0printf)
    __2printf                                0x08002e21   Thumb Code     0  printfa.o(i.__0printf)
    __c89printf                              0x08002e21   Thumb Code     0  printfa.o(i.__0printf)
    printf                                   0x08002e21   Thumb Code     0  printfa.o(i.__0printf)
    __aeabi_errno_addr                       0x08002e41   Thumb Code     4  errno.o(i.__aeabi_errno_addr)
    __rt_errno_addr                          0x08002e41   Thumb Code     0  errno.o(i.__aeabi_errno_addr)
    __read_errno                             0x08002e49   Thumb Code     6  errno.o(i.__read_errno)
    __scatterload_copy                       0x08002e55   Thumb Code    14  handlers.o(i.__scatterload_copy)
    __scatterload_null                       0x08002e63   Thumb Code     2  handlers.o(i.__scatterload_null)
    __scatterload_zeroinit                   0x08002e65   Thumb Code    14  handlers.o(i.__scatterload_zeroinit)
    __set_errno                              0x08002e75   Thumb Code     6  errno.o(i.__set_errno)
    _is_digit                                0x08002fdd   Thumb Code    14  scanf_fp.o(i._is_digit)
    atof                                     0x08003733   Thumb Code    42  atof.o(i.atof)
    __ctype_table                            0x08003770   Data         129  ctype_o.o(.constdata)
    Region$$Table$$Base                      0x080037f8   Number         0  anon$$obj.o(Region$$Table)
    Region$$Table$$Limit                     0x08003818   Number         0  anon$$obj.o(Region$$Table)
    Ver                                      0x20000000   Data          40  main.o(.data)
    PAS_down                                 0x20000028   Data           1  main.o(.data)
    PAS_up                                   0x20000029   Data           1  main.o(.data)
    g_adcTotalValue                          0x2000002c   Data           4  main.o(.data)
    g_adcAverageValue                        0x20000030   Data           4  main.o(.data)
    g_adcOldAverageValue                     0x20000034   Data           4  main.o(.data)
    voltage_target                           0x20000038   Data           4  main.o(.data)
    gain                                     0x2000003c   Data           4  main.o(.data)
    PAS_counter                              0x2000004c   Data           4  main.o(.data)
    AD_Value                                 0x20000050   Data           8  main.o(.data)
    ADC_ConvertedValue                       0x20000058   Data           2  main.o(.data)
    ADC_ConvertedValueLocal                  0x2000005c   Data           4  main.o(.data)
    timer_timeout                            0x20000060   Data           2  main.o(.data)
    voltage_feedback                         0x20000064   Data           4  main.o(.data)
    temperature                              0x20000068   Data           4  main.o(.data)
    pwm_freq                                 0x2000006c   Data           4  main.o(.data)
    pwm_duty                                 0x20000070   Data           4  main.o(.data)
    pas_maxvalue_cnt                         0x20000074   Data           1  main.o(.data)
    cmd_word                                 0x200000be   Data           1  textcmd.o(.data)
    textcmd_cnt                              0x200000c0   Data           2  textcmd.o(.data)
    termination_flag                         0x200000c2   Data           1  textcmd.o(.data)
    resistance                               0x200000c4   Data           2  textcmd.o(.data)
    __stdout                                 0x200000c8   Data           4  stdout.o(.data)
    PAS_value                                0x200000d0   Data         512  main.o(.bss)
    ClockInfo                                0x200002d0   Data          20  main.o(.bss)
    pas_maxvalue_buf                         0x200002e4   Data          40  main.o(.bss)
    textcmd_buf                              0x2000030c   Data         256  textcmd.o(.bss)
    __initial_sp                             0x20001410   Data           0  stm32f10x.o(STACK)



==============================================================================

Memory Map of the image

  Image Entry point : 0x080000ed

  Load Region LR_IROM1 (Base: 0x08000000, Size: 0x000038e8, Max: 0x00010000, ABSOLUTE)

    Execution Region ER_IROM1 (Base: 0x08000000, Size: 0x00003818, Max: 0x00010000, ABSOLUTE)

    Base Addr    Size         Type   Attr      Idx    E Section Name        Object

    0x08000000   0x000000ec   Data   RO            3    RESET               stm32f10x.o
    0x080000ec   0x00000000   Code   RO         2059  * .ARM.Collect$$$$00000000  mc_w.l(entry.o)
    0x080000ec   0x00000004   Code   RO         2359    .ARM.Collect$$$$00000001  mc_w.l(entry2.o)
    0x080000f0   0x00000004   Code   RO         2362    .ARM.Collect$$$$00000004  mc_w.l(entry5.o)
    0x080000f4   0x00000000   Code   RO         2364    .ARM.Collect$$$$00000008  mc_w.l(entry7b.o)
    0x080000f4   0x00000000   Code   RO         2366    .ARM.Collect$$$$0000000A  mc_w.l(entry8b.o)
    0x080000f4   0x00000008   Code   RO         2367    .ARM.Collect$$$$0000000B  mc_w.l(entry9a.o)
    0x080000fc   0x00000000   Code   RO         2369    .ARM.Collect$$$$0000000D  mc_w.l(entry10a.o)
    0x080000fc   0x00000000   Code   RO         2371    .ARM.Collect$$$$0000000F  mc_w.l(entry11a.o)
    0x080000fc   0x00000004   Code   RO         2360    .ARM.Collect$$$$00002712  mc_w.l(entry2.o)
    0x08000100   0x0000001c   Code   RO            4    .text               stm32f10x.o
    0x0800011c   0x00000f0c   Code   RO           10    .text               main.o
    0x08001028   0x00000234   Code   RO          128    .text               stm32f10x_it.o
    0x0800125c   0x00000398   Code   RO          144    .text               textcmd.o
    0x080015f4   0x00000158   Code   RO          174    .text               ad5245.o
    0x0800174c   0x00000024   Code   RO         2062    .text               mc_w.l(strstr.o)
    0x08001770   0x0000001a   Code   RO         2325    .text               mc_w.l(atoi.o)
    0x0800178a   0x000000b0   Code   RO         2327    .text               mf_w.l(fadd.o)
    0x0800183a   0x0000006c   Code   RO         2329    .text               mf_w.l(fmul.o)
    0x080018a6   0x00000080   Code   RO         2331    .text               mf_w.l(fdiv.o)
    0x08001926   0x0000014e   Code   RO         2333    .text               mf_w.l(dadd.o)
    0x08001a74   0x000000e4   Code   RO         2335    .text               mf_w.l(dmul.o)
    0x08001b58   0x000000de   Code   RO         2337    .text               mf_w.l(ddiv.o)
    0x08001c36   0x00000012   Code   RO         2339    .text               mf_w.l(fflti.o)
    0x08001c48   0x0000000a   Code   RO         2341    .text               mf_w.l(ffltui.o)
    0x08001c52   0x0000001a   Code   RO         2343    .text               mf_w.l(dfltui.o)
    0x08001c6c   0x00000032   Code   RO         2345    .text               mf_w.l(ffixi.o)
    0x08001c9e   0x00000028   Code   RO         2347    .text               mf_w.l(ffixui.o)
    0x08001cc6   0x00000032   Code   RO         2349    .text               mf_w.l(dfixui.o)
    0x08001cf8   0x00000026   Code   RO         2351    .text               mf_w.l(f2d.o)
    0x08001d1e   0x00000038   Code   RO         2353    .text               mf_w.l(d2f.o)
    0x08001d56   0x00000002   PAD
    0x08001d58   0x00000014   Code   RO         2355    .text               mf_w.l(cfcmple.o)
    0x08001d6c   0x00000014   Code   RO         2357    .text               mf_w.l(cfrcmple.o)
    0x08001d80   0x0000002c   Code   RO         2374    .text               mc_w.l(uidiv.o)
    0x08001dac   0x00000062   Code   RO         2376    .text               mc_w.l(uldiv.o)
    0x08001e0e   0x0000001e   Code   RO         2378    .text               mc_w.l(llshl.o)
    0x08001e2c   0x00000020   Code   RO         2380    .text               mc_w.l(llushr.o)
    0x08001e4c   0x00000024   Code   RO         2382    .text               mc_w.l(llsshr.o)
    0x08001e70   0x0000009c   Code   RO         2391    .text               mc_w.l(strtod.o)
    0x08001f0c   0x00000070   Code   RO         2393    .text               mc_w.l(strtol.o)
    0x08001f7c   0x00000000   Code   RO         2395    .text               mc_w.l(iusefp.o)
    0x08001f7c   0x0000006c   Code   RO         2396    .text               mf_w.l(fepilogue.o)
    0x08001fe8   0x000000be   Code   RO         2398    .text               mf_w.l(depilogue.o)
    0x080020a6   0x00000030   Code   RO         2400    .text               mf_w.l(dfixul.o)
    0x080020d6   0x00000002   PAD
    0x080020d8   0x00000028   Code   RO         2402    .text               mf_w.l(cdrcmple.o)
    0x08002100   0x00000024   Code   RO         2404    .text               mc_w.l(init.o)
    0x08002124   0x00000008   Code   RO         2408    .text               mc_w.l(ctype_o.o)
    0x0800212c   0x00000012   Code   RO         2430    .text               mc_w.l(isspace_o.o)
    0x0800213e   0x00000002   PAD
    0x08002140   0x0000033c   Code   RO         2436    .text               mc_w.l(scanf_fp.o)
    0x0800247c   0x00000040   Code   RO         2440    .text               mc_w.l(_sgetc.o)
    0x080024bc   0x0000009e   Code   RO         2442    .text               mc_w.l(_strtoul.o)
    0x0800255a   0x0000001c   Code   RO         2447    .text               mc_w.l(_chval.o)
    0x08002576   0x00000018   Code   RO         2449    .text               mf_w.l(dfltul.o)
    0x0800258e   0x00000014   Code   RO          189    i.ADC_Cmd           STM32F10xR.LIB(stm32f10x_adc.o)
    0x080025a2   0x00000014   Code   RO          190    i.ADC_DMACmd        STM32F10xR.LIB(stm32f10x_adc.o)
    0x080025b6   0x0000000e   Code   RO          195    i.ADC_GetCalibrationStatus  STM32F10xR.LIB(stm32f10x_adc.o)
    0x080025c4   0x0000000e   Code   RO          193    i.ADC_GetResetCalibrationStatus  STM32F10xR.LIB(stm32f10x_adc.o)
    0x080025d2   0x00000002   PAD
    0x080025d4   0x00000048   Code   RO          187    i.ADC_Init          STM32F10xR.LIB(stm32f10x_adc.o)
    0x0800261c   0x00000074   Code   RO          200    i.ADC_RegularChannelConfig  STM32F10xR.LIB(stm32f10x_adc.o)
    0x08002690   0x0000000a   Code   RO          192    i.ADC_ResetCalibration  STM32F10xR.LIB(stm32f10x_adc.o)
    0x0800269a   0x00000014   Code   RO          196    i.ADC_SoftwareStartConvCmd  STM32F10xR.LIB(stm32f10x_adc.o)
    0x080026ae   0x0000000a   Code   RO          194    i.ADC_StartCalibration  STM32F10xR.LIB(stm32f10x_adc.o)
    0x080026b8   0x00000014   Code   RO          430    i.DMA_Cmd           STM32F10xR.LIB(stm32f10x_dma.o)
    0x080026cc   0x000000e0   Code   RO          427    i.DMA_DeInit        STM32F10xR.LIB(stm32f10x_dma.o)
    0x080027ac   0x0000003a   Code   RO          428    i.DMA_Init          STM32F10xR.LIB(stm32f10x_dma.o)
    0x080027e6   0x00000002   PAD
    0x080027e8   0x0000000c   Code   RO          503    i.EXTI_ClearITPendingBit  STM32F10xR.LIB(stm32f10x_exti.o)
    0x080027f4   0x0000001c   Code   RO          502    i.EXTI_GetITStatus  STM32F10xR.LIB(stm32f10x_exti.o)
    0x08002810   0x00000018   Code   RO          555    i.FLASH_PrefetchBufferCmd  STM32F10xR.LIB(stm32f10x_flash.o)
    0x08002828   0x00000018   Code   RO          553    i.FLASH_SetLatency  STM32F10xR.LIB(stm32f10x_flash.o)
    0x08002840   0x000000a0   Code   RO          704    i.GPIO_Init         STM32F10xR.LIB(stm32f10x_gpio.o)
    0x080028e0   0x00000048   Code   RO          717    i.GPIO_PinRemapConfig  STM32F10xR.LIB(stm32f10x_gpio.o)
    0x08002928   0x0000000e   Code   RO          706    i.GPIO_ReadInputDataBit  STM32F10xR.LIB(stm32f10x_gpio.o)
    0x08002936   0x00000004   Code   RO          711    i.GPIO_ResetBits    STM32F10xR.LIB(stm32f10x_gpio.o)
    0x0800293a   0x00000004   Code   RO          710    i.GPIO_SetBits      STM32F10xR.LIB(stm32f10x_gpio.o)
    0x0800293e   0x00000002   PAD
    0x08002940   0x00000010   Code   RO          816    i.IWDG_ReloadCounter  STM32F10xR.LIB(stm32f10x_iwdg.o)
    0x08002950   0x00000074   Code   RO          861    i.NVIC_Init         STM32F10xR.LIB(stm32f10x_nvic.o)
    0x080029c4   0x00000014   Code   RO          860    i.NVIC_PriorityGroupConfig  STM32F10xR.LIB(stm32f10x_nvic.o)
    0x080029d8   0x00000014   Code   RO         1062    i.RCC_ADCCLKConfig  STM32F10xR.LIB(stm32f10x_rcc.o)
    0x080029ec   0x00000018   Code   RO         1068    i.RCC_AHBPeriphClockCmd  STM32F10xR.LIB(stm32f10x_rcc.o)
    0x08002a04   0x00000018   Code   RO         1070    i.RCC_APB1PeriphClockCmd  STM32F10xR.LIB(stm32f10x_rcc.o)
    0x08002a1c   0x00000018   Code   RO         1069    i.RCC_APB2PeriphClockCmd  STM32F10xR.LIB(stm32f10x_rcc.o)
    0x08002a34   0x0000003c   Code   RO         1047    i.RCC_DeInit        STM32F10xR.LIB(stm32f10x_rcc.o)
    0x08002a70   0x00000094   Code   RO         1067    i.RCC_GetClocksFreq  STM32F10xR.LIB(stm32f10x_rcc.o)
    0x08002b04   0x00000030   Code   RO         1049    i.RCC_GetFlagStatus  STM32F10xR.LIB(stm32f10x_rcc.o)
    0x08002b34   0x00000010   Code   RO         1056    i.RCC_GetSYSCLKSource  STM32F10xR.LIB(stm32f10x_rcc.o)
    0x08002b44   0x00000014   Code   RO         1057    i.RCC_HCLKConfig    STM32F10xR.LIB(stm32f10x_rcc.o)
    0x08002b58   0x00000014   Code   RO         1058    i.RCC_PCLK1Config   STM32F10xR.LIB(stm32f10x_rcc.o)
    0x08002b6c   0x00000014   Code   RO         1059    i.RCC_PCLK2Config   STM32F10xR.LIB(stm32f10x_rcc.o)
    0x08002b80   0x0000000c   Code   RO         1054    i.RCC_PLLCmd        STM32F10xR.LIB(stm32f10x_rcc.o)
    0x08002b8c   0x00000014   Code   RO         1053    i.RCC_PLLConfig     STM32F10xR.LIB(stm32f10x_rcc.o)
    0x08002ba0   0x00000014   Code   RO         1055    i.RCC_SYSCLKConfig  STM32F10xR.LIB(stm32f10x_rcc.o)
    0x08002bb4   0x00000010   Code   RO         1261    i.RTC_ClearITPendingBit  STM32F10xR.LIB(stm32f10x_rtc.o)
    0x08002bc4   0x0000001c   Code   RO         1260    i.RTC_GetITStatus   STM32F10xR.LIB(stm32f10x_rtc.o)
    0x08002be0   0x00000016   Code   RO         1380    i.TIM_ARRPreloadConfig  STM32F10xR.LIB(stm32f10x_tim.o)
    0x08002bf6   0x00000006   Code   RO         1427    i.TIM_ClearFlag     STM32F10xR.LIB(stm32f10x_tim.o)
    0x08002bfc   0x00000016   Code   RO         1360    i.TIM_Cmd           STM32F10xR.LIB(stm32f10x_tim.o)
    0x08002c12   0x00000010   Code   RO         1362    i.TIM_ITConfig      STM32F10xR.LIB(stm32f10x_tim.o)
    0x08002c22   0x00000002   PAD
    0x08002c24   0x00000078   Code   RO         1346    i.TIM_OC3Init       STM32F10xR.LIB(stm32f10x_tim.o)
    0x08002c9c   0x0000000c   Code   RO         1386    i.TIM_OC3PreloadConfig  STM32F10xR.LIB(stm32f10x_tim.o)
    0x08002ca8   0x00000004   Code   RO         1416    i.TIM_SetCompare2   STM32F10xR.LIB(stm32f10x_tim.o)
    0x08002cac   0x00000004   Code   RO         1417    i.TIM_SetCompare3   STM32F10xR.LIB(stm32f10x_tim.o)
    0x08002cb0   0x0000003c   Code   RO         1343    i.TIM_TimeBaseInit  STM32F10xR.LIB(stm32f10x_tim.o)
    0x08002cec   0x0000000c   Code   RO         1906    i.USART_ClearITPendingBit  STM32F10xR.LIB(stm32f10x_usart.o)
    0x08002cf8   0x00000014   Code   RO         1885    i.USART_Cmd         STM32F10xR.LIB(stm32f10x_usart.o)
    0x08002d0c   0x0000000e   Code   RO         1903    i.USART_GetFlagStatus  STM32F10xR.LIB(stm32f10x_usart.o)
    0x08002d1a   0x0000003e   Code   RO         1905    i.USART_GetITStatus  STM32F10xR.LIB(stm32f10x_usart.o)
    0x08002d58   0x00000030   Code   RO         1886    i.USART_ITConfig    STM32F10xR.LIB(stm32f10x_usart.o)
    0x08002d88   0x00000088   Code   RO         1881    i.USART_Init        STM32F10xR.LIB(stm32f10x_usart.o)
    0x08002e10   0x00000008   Code   RO         1894    i.USART_ReceiveData  STM32F10xR.LIB(stm32f10x_usart.o)
    0x08002e18   0x00000008   Code   RO         1893    i.USART_SendData    STM32F10xR.LIB(stm32f10x_usart.o)
    0x08002e20   0x00000020   Code   RO         2297    i.__0printf         mc_w.l(printfa.o)
    0x08002e40   0x00000008   Code   RO         2384    i.__aeabi_errno_addr  mc_w.l(errno.o)
    0x08002e48   0x0000000c   Code   RO         2385    i.__read_errno      mc_w.l(errno.o)
    0x08002e54   0x0000000e   Code   RO         2453    i.__scatterload_copy  mc_w.l(handlers.o)
    0x08002e62   0x00000002   Code   RO         2454    i.__scatterload_null  mc_w.l(handlers.o)
    0x08002e64   0x0000000e   Code   RO         2455    i.__scatterload_zeroinit  mc_w.l(handlers.o)
    0x08002e72   0x00000002   PAD
    0x08002e74   0x0000000c   Code   RO         2386    i.__set_errno       mc_w.l(errno.o)
    0x08002e80   0x0000015c   Code   RO         2304    i._fp_digits        mc_w.l(printfa.o)
    0x08002fdc   0x0000000e   Code   RO         2438    i._is_digit         mc_w.l(scanf_fp.o)
    0x08002fea   0x00000002   PAD
    0x08002fec   0x000006f0   Code   RO         2305    i._printf_core      mc_w.l(printfa.o)
    0x080036dc   0x00000026   Code   RO         2306    i._printf_post_padding  mc_w.l(printfa.o)
    0x08003702   0x00000030   Code   RO         2307    i._printf_pre_padding  mc_w.l(printfa.o)
    0x08003732   0x0000002a   Code   RO         2056    i.atof              m_ws.l(atof.o)
    0x0800375c   0x00000014   Data   RO         1080    .constdata          STM32F10xR.LIB(stm32f10x_rcc.o)
    0x08003770   0x00000081   Data   RO         2409    .constdata          mc_w.l(ctype_o.o)
    0x080037f1   0x00000003   PAD
    0x080037f4   0x00000004   Data   RO         2410    .constdata          mc_w.l(ctype_o.o)
    0x080037f8   0x00000020   Data   RO         2451    Region$$Table       anon$$obj.o


    Execution Region RW_IRAM1 (Base: 0x20000000, Size: 0x00001410, Max: 0x00005000, ABSOLUTE)

    Base Addr    Size         Type   Attr      Idx    E Section Name        Object

    0x20000000   0x00000075   Data   RW           12    .data               main.o
    0x20000075   0x00000001   PAD
    0x20000076   0x00000050   Data   RW          146    .data               textcmd.o
    0x200000c6   0x00000002   PAD
    0x200000c8   0x00000004   Data   RW         2373    .data               mc_w.l(stdout.o)
    0x200000cc   0x00000004   Data   RW         2387    .data               mc_w.l(errno.o)
    0x200000d0   0x0000023c   Zero   RW           11    .bss                main.o
    0x2000030c   0x00000100   Zero   RW          145    .bss                textcmd.o
    0x2000040c   0x00000004   PAD
    0x20000410   0x00001000   Zero   RW            1    STACK               stm32f10x.o


==============================================================================

Image component sizes


      Code (inc. data)   RO Data    RW Data    ZI Data      Debug   Object Name

       344          6          0          0          0       1352   ad5245.o
      3852        374          0        117        572      77959   main.o
        28          4        236          0       4096        712   stm32f10x.o
       564         32          0          0          0       7980   stm32f10x_it.o
       920        202          0         80        256       2105   textcmd.o

    ----------------------------------------------------------------------
      5708        618        268        200       4928      90108   Object Totals
         0          0         32          0          0          0   (incl. Generated)
         0          0          0          3          4          0   (incl. Padding)

    ----------------------------------------------------------------------

      Code (inc. data)   RO Data    RW Data    ZI Data      Debug   Library Member Name

       296         10          0          0          0      38825   stm32f10x_adc.o
       302         14          0          0          0      11826   stm32f10x_dma.o
        40         10          0          0          0       1008   stm32f10x_exti.o
        48         12          0          0          0        893   stm32f10x_flash.o
       254          6          0          0          0      10130   stm32f10x_gpio.o
        16          6          0          0          0        393   stm32f10x_iwdg.o
       136         10          0          0          0       9131   stm32f10x_nvic.o
       476         96         20          0          0       9149   stm32f10x_rcc.o
        44         10          0          0          0        978   stm32f10x_rtc.o
       266         16          0          0          0      29160   stm32f10x_tim.o
       308          6          0          0          0      12147   stm32f10x_usart.o
        42          0          0          0          0         84   atof.o
        28          0          0          0          0         68   _chval.o
        64          0          0          0          0         84   _sgetc.o
       158          0          0          0          0         92   _strtoul.o
        26          0          0          0          0         80   atoi.o
         8          4        133          0          0         68   ctype_o.o
         0          0          0          0          0          0   entry.o
         0          0          0          0          0          0   entry10a.o
         0          0          0          0          0          0   entry11a.o
         8          4          0          0          0          0   entry2.o
         4          0          0          0          0          0   entry5.o
         0          0          0          0          0          0   entry7b.o
         0          0          0          0          0          0   entry8b.o
         8          4          0          0          0          0   entry9a.o
        32         16          0          4          0        204   errno.o
        30          0          0          0          0          0   handlers.o
        36          8          0          0          0         68   init.o
        18          0          0          0          0         76   isspace_o.o
         0          0          0          0          0          0   iusefp.o
        30          0          0          0          0         68   llshl.o
        36          0          0          0          0         68   llsshr.o
        32          0          0          0          0         68   llushr.o
      2242         90          0          0          0        444   printfa.o
       842         12          0          0          0        216   scanf_fp.o
         0          0          0          4          0          0   stdout.o
        36          0          0          0          0         80   strstr.o
       156         14          0          0          0        120   strtod.o
       112          0          0          0          0         88   strtol.o
        44          0          0          0          0         80   uidiv.o
        98          0          0          0          0         92   uldiv.o
        40          2          0          0          0         68   cdrcmple.o
        20          0          0          0          0         68   cfcmple.o
        20          0          0          0          0         68   cfrcmple.o
        56          0          0          0          0         88   d2f.o
       334          0          0          0          0        148   dadd.o
       222          0          0          0          0        100   ddiv.o
       190          0          0          0          0        176   depilogue.o
        50          0          0          0          0         76   dfixui.o
        48          0          0          0          0         68   dfixul.o
        26          0          0          0          0         76   dfltui.o
        24          0          0          0          0         76   dfltul.o
       228          0          0          0          0         96   dmul.o
        38          0          0          0          0         68   f2d.o
       176          0          0          0          0        140   fadd.o
       128          0          0          0          0         88   fdiv.o
       108          0          0          0          0        168   fepilogue.o
        50          0          0          0          0         68   ffixi.o
        40          0          0          0          0         68   ffixui.o
        18          0          0          0          0         68   fflti.o
        10          0          0          0          0         68   ffltui.o
       108          0          0          0          0         76   fmul.o

    ----------------------------------------------------------------------
      8228        350        156          8          0     127708   Library Totals
        18          0          3          0          0          0   (incl. Padding)

    ----------------------------------------------------------------------

      Code (inc. data)   RO Data    RW Data    ZI Data      Debug   Library Name

      2186        196         20          0          0     123640   STM32F10xR.LIB
        42          0          0          0          0         84   m_ws.l
      4048        152        133          8          0       2064   mc_w.l
      1934          2          0          0          0       1920   mf_w.l

    ----------------------------------------------------------------------
      8228        350        156          8          0     127708   Library Totals

    ----------------------------------------------------------------------

==============================================================================


      Code (inc. data)   RO Data    RW Data    ZI Data      Debug   

     13936        968        424        208       4928     212720   Grand Totals
     13936        968        424        208       4928     212720   ELF Image Totals
     13936        968        424        208          0          0   ROM Totals

==============================================================================

    Total RO  Size (Code + RO Data)                14360 (  14.02kB)
    Total RW  Size (RW Data + ZI Data)              5136 (   5.02kB)
    Total ROM Size (Code + RO Data + RW Data)      14568 (  14.23kB)

==============================================================================

